Component: Arm Compiler for Embedded 6.18 Tool: armlink [5e4cc100]

==============================================================================

Section Cross References

    main.o(.text.main) refers to rcc.o(.text.RCC_Enable_PortA) for RCC_Enable_PortA
    main.o(.text.main) refers to rcc.o(.text.RCC_Enable_PortB) for RCC_Enable_PortB
    main.o(.text.main) refers to rcc.o(.text.RCC_Enable_SPI1) for RCC_Enable_SPI1
    main.o(.text.main) refers to rcc.o(.text.RCC_Enable_AFIO) for RCC_Enable_AFIO
    main.o(.text.main) refers to rcc.o(.text.RCC_Enable_TIM2) for RCC_Enable_TIM2
    main.o(.text.main) refers to spi.o(.text.SPI1_Init_Master) for SPI1_Init_Master
    main.o(.text.main) refers to tft.o(.text.initTFT) for initTFT
    main.o(.text.main) refers to tft.o(.text.fullDisplay) for fullDisplay
    main.o(.text.main) refers to button.o(.text.Button_Init) for Button_Init
    main.o(.text.main) refers to queue.o(.text.xQueueCreateMutex) for xQueueCreateMutex
    main.o(.text.main) refers to main.o(.bss.xSnakeMutex) for xSnakeMutex
    main.o(.text.main) refers to main.o(.bss.xLcdMutex) for xLcdMutex
    main.o(.text.main) refers to event_groups.o(.text.xEventGroupCreate) for xEventGroupCreate
    main.o(.text.main) refers to main.o(.bss.xDirectionEvent) for xDirectionEvent
    main.o(.text.main) refers to game_logic.o(.text.initGame) for initGame
    main.o(.text.main) refers to task_snake.o(.text.vTaskSnake) for vTaskSnake
    main.o(.text.main) refers to main.o(.rodata.str1.1) for .L.str
    main.o(.text.main) refers to tasks.o(.text.xTaskCreate) for xTaskCreate
    main.o(.text.main) refers to task_input.o(.text.vTaskInput) for vTaskInput
    main.o(.text.main) refers to queue.o(.text.xQueueGenericReceive) for xQueueGenericReceive
    main.o(.text.main) refers to font.o(.rodata.Font_7x10) for Font_7x10
    main.o(.text.main) refers to tft.o(.text.drawString) for drawString
    main.o(.text.main) refers to queue.o(.text.xQueueGenericSend) for xQueueGenericSend
    main.o(.text.main) refers to tasks.o(.text.vTaskStartScheduler) for vTaskStartScheduler
    main.o(.ARM.exidx.text.main) refers to main.o(.text.main) for [Anonymous Symbol]
    adc.o(.ARM.exidx.text.ADC01_CH01_Init) refers to adc.o(.text.ADC01_CH01_Init) for [Anonymous Symbol]
    adc.o(.ARM.exidx.text.ADC01_CH0_Read) refers to adc.o(.text.ADC01_CH0_Read) for [Anonymous Symbol]
    exti.o(.ARM.exidx.text.EXIT0_Init) refers to exti.o(.text.EXIT0_Init) for [Anonymous Symbol]
    exti.o(.ARM.exidx.text.EXTI0_IRQHandler) refers to exti.o(.text.EXTI0_IRQHandler) for [Anonymous Symbol]
    exti.o(.ARM.exidx.text.get_Pin_Number) refers to exti.o(.text.get_Pin_Number) for [Anonymous Symbol]
    exti.o(.text.EXIT_Config_Expert) refers to exti.o(.text.get_Pin_Number) for get_Pin_Number
    exti.o(.ARM.exidx.text.EXIT_Config_Expert) refers to exti.o(.text.EXIT_Config_Expert) for [Anonymous Symbol]
    exti.o(.ARM.exidx.text.NVIC_UART_En) refers to exti.o(.text.NVIC_UART_En) for [Anonymous Symbol]
    exti.o(.ARM.exidx.text.NVIC_USB_En) refers to exti.o(.text.NVIC_USB_En) for [Anonymous Symbol]
    gpio.o(.ARM.exidx.text.GPIO_Config) refers to gpio.o(.text.GPIO_Config) for [Anonymous Symbol]
    gpio.o(.ARM.exidx.text.GPIO_Write_Pin) refers to gpio.o(.text.GPIO_Write_Pin) for [Anonymous Symbol]
    gpio.o(.ARM.exidx.text.GPIO_Read_Pin) refers to gpio.o(.text.GPIO_Read_Pin) for [Anonymous Symbol]
    i2c.o(.ARM.exidx.text.I2C_Init) refers to i2c.o(.text.I2C_Init) for [Anonymous Symbol]
    i2c.o(.ARM.exidx.text.I2C_Start) refers to i2c.o(.text.I2C_Start) for [Anonymous Symbol]
    i2c.o(.ARM.exidx.text.I2C_Stop) refers to i2c.o(.text.I2C_Stop) for [Anonymous Symbol]
    i2c.o(.ARM.exidx.text.I2C_Send_Addr) refers to i2c.o(.text.I2C_Send_Addr) for [Anonymous Symbol]
    i2c.o(.text.I2C_Send_Data) refers to i2c.o(.text.I2C_Stop) for I2C_Stop
    i2c.o(.ARM.exidx.text.I2C_Send_Data) refers to i2c.o(.text.I2C_Send_Data) for [Anonymous Symbol]
    i2c.o(.ARM.exidx.text.I2C_Read_Data) refers to i2c.o(.text.I2C_Read_Data) for [Anonymous Symbol]
    rcc.o(.ARM.exidx.text.RCC_Enable_PortA) refers to rcc.o(.text.RCC_Enable_PortA) for [Anonymous Symbol]
    rcc.o(.ARM.exidx.text.RCC_Enable_AFIO) refers to rcc.o(.text.RCC_Enable_AFIO) for [Anonymous Symbol]
    rcc.o(.ARM.exidx.text.RCC_Enable_PortB) refers to rcc.o(.text.RCC_Enable_PortB) for [Anonymous Symbol]
    rcc.o(.ARM.exidx.text.RCC_Enable_TIM2) refers to rcc.o(.text.RCC_Enable_TIM2) for [Anonymous Symbol]
    rcc.o(.ARM.exidx.text.RCC_Enable_UART1) refers to rcc.o(.text.RCC_Enable_UART1) for [Anonymous Symbol]
    rcc.o(.ARM.exidx.text.RCC_Enable_SPI1) refers to rcc.o(.text.RCC_Enable_SPI1) for [Anonymous Symbol]
    rcc.o(.ARM.exidx.text.RCC_Enable_I2C1) refers to rcc.o(.text.RCC_Enable_I2C1) for [Anonymous Symbol]
    rcc.o(.ARM.exidx.text.RCC_Enable_USB) refers to rcc.o(.text.RCC_Enable_USB) for [Anonymous Symbol]
    spi.o(.text.SPI1_Init_Master) refers to gpio.o(.text.GPIO_Config) for GPIO_Config
[...]
    ../clib/angel/kernel.s                   0x00000000   Number         0  __rtentry2.o ABSOLUTE
    ../clib/angel/kernel.s                   0x00000000   Number         0  __rtentry4.o ABSOLUTE
    ../clib/angel/kernel.s                   0x00000000   Number         0  rtexit.o ABSOLUTE
    ../clib/angel/kernel.s                   0x00000000   Number         0  rtexit2.o ABSOLUTE
    ../clib/angel/rt.s                       0x00000000   Number         0  rt_raise.o ABSOLUTE
    ../clib/angel/scatter.s                  0x00000000   Number         0  __scatter.o ABSOLUTE
    ../clib/angel/startup.s                  0x00000000   Number         0  __main.o ABSOLUTE
    ../clib/angel/sys.s                      0x00000000   Number         0  sys_stackheap_outer.o ABSOLUTE
    ../clib/angel/sys.s                      0x00000000   Number         0  libspace.o ABSOLUTE
    ../clib/angel/sys.s                      0x00000000   Number         0  use_no_semi.o ABSOLUTE
    ../clib/angel/sys.s                      0x00000000   Number         0  indicate_semi.o ABSOLUTE
    ../clib/angel/sysapp.c                   0x00000000   Number         0  sys_command.o ABSOLUTE
    ../clib/angel/sysapp.c                   0x00000000   Number         0  sys_command_hlt.o ABSOLUTE
    ../clib/angel/sysapp.c                   0x00000000   Number         0  sys_exit.o ABSOLUTE
    ../clib/angel/sysapp.c                   0x00000000   Number         0  sys_exit_hlt.o ABSOLUTE
    ../clib/angel/sysapp.c                   0x00000000   Number         0  sys_wrch.o ABSOLUTE
    ../clib/angel/sysapp.c                   0x00000000   Number         0  sys_wrch_hlt.o ABSOLUTE
    ../clib/armsys.c                         0x00000000   Number         0  argv_veneer.o ABSOLUTE
    ../clib/armsys.c                         0x00000000   Number         0  argv_veneer.o ABSOLUTE
    ../clib/armsys.c                         0x00000000   Number         0  _get_argv_nomalloc.o ABSOLUTE
    ../clib/armsys.c                         0x00000000   Number         0  no_argv.o ABSOLUTE
    ../clib/heapalloc.c                      0x00000000   Number         0  hrguard.o ABSOLUTE
    ../clib/heapaux.c                        0x00000000   Number         0  heapauxi.o ABSOLUTE
    ../clib/libinit.s                        0x00000000   Number         0  libinit2.o ABSOLUTE
    ../clib/libinit.s                        0x00000000   Number         0  libinit.o ABSOLUTE
    ../clib/libinit.s                        0x00000000   Number         0  libshutdown.o ABSOLUTE
    ../clib/libinit.s                        0x00000000   Number         0  libshutdown2.o ABSOLUTE
    ../clib/memcpset.s                       0x00000000   Number         0  rt_memcpy_v6.o ABSOLUTE
    ../clib/memcpset.s                       0x00000000   Number         0  aeabi_memset4.o ABSOLUTE
    ../clib/memcpset.s                       0x00000000   Number         0  rt_memcpy_w.o ABSOLUTE
    ../clib/memcpset.s                       0x00000000   Number         0  rt_memclr_w.o ABSOLUTE
    ../clib/signal.c                         0x00000000   Number         0  defsig_rtmem_outer.o ABSOLUTE
    ../clib/signal.c                         0x00000000   Number         0  defsig_rtmem_formal.o ABSOLUTE
    ../clib/signal.c                         0x00000000   Number         0  defsig_exit.o ABSOLUTE
    ../clib/signal.c                         0x00000000   Number         0  defsig_rtmem_inner.o ABSOLUTE
    ../clib/signal.c                         0x00000000   Number         0  __raise.o ABSOLUTE
    ../clib/signal.c                         0x00000000   Number         0  defsig_general.o ABSOLUTE
    ../clib/signal.c                         0x00000000   Number         0  defsig_abrt_inner.o ABSOLUTE
    ../clib/signal.c                         0x00000000   Number         0  defsig_fpe_inner.o ABSOLUTE
    ../clib/signal.c                         0x00000000   Number         0  defsig_rtred_inner.o ABSOLUTE
    ../clib/signal.c                         0x00000000   Number         0  defsig_stak_inner.o ABSOLUTE
    ../clib/signal.c                         0x00000000   Number         0  defsig_pvfn_inner.o ABSOLUTE
    ../clib/signal.c                         0x00000000   Number         0  defsig_cppl_inner.o ABSOLUTE
    ../clib/signal.c                         0x00000000   Number         0  defsig_segv_inner.o ABSOLUTE
    ../clib/signal.c                         0x00000000   Number         0  defsig_other.o ABSOLUTE
    ../clib/signal.s                         0x00000000   Number         0  defsig.o ABSOLUTE
    ../clib/stdlib.c                         0x00000000   Number         0  rand.o ABSOLUTE
    ../clib/stdlib.c                         0x00000000   Number         0  rand.o ABSOLUTE
    ../clib/stdlib.c                         0x00000000   Number         0  exit.o ABSOLUTE
    ../fplib/fpinit.s                        0x00000000   Number         0  fpinit.o ABSOLUTE
    ../fplib/fpinit_empty.s                  0x00000000   Number         0  fpinit_empty.o ABSOLUTE
    ADC.c                                    0x00000000   Number         0  adc.o ABSOLUTE
    DS3231.c                                 0x00000000   Number         0  ds3231.o ABSOLUTE
    EXTI.c                                   0x00000000   Number         0  exti.o ABSOLUTE
    FONT.c                                   0x00000000   Number         0  font.o ABSOLUTE
    GPIO.c                                   0x00000000   Number         0  gpio.o ABSOLUTE
    I2C.c                                    0x00000000   Number         0  i2c.o ABSOLUTE
    RCC.c                                    0x00000000   Number         0  rcc.o ABSOLUTE
    RTE/Device/STM32F103C8/startup_stm32f10x_md.s 0x00000000   Number         0  startup_stm32f10x_md.o ABSOLUTE
    SPI.c                                    0x00000000   Number         0  spi.o ABSOLUTE
    TFT.c                                    0x00000000   Number         0  tft.o ABSOLUTE
    Tim.c                                    0x00000000   Number         0  tim.o ABSOLUTE
    UART.c                                   0x00000000   Number         0  uart.o ABSOLUTE
    button.c                                 0x00000000   Number         0  button.o ABSOLUTE
    croutine.c                               0x00000000   Number         0  croutine.o ABSOLUTE
    dc.s                                     0x00000000   Number         0  dc.o ABSOLUTE
    display.c                                0x00000000   Number         0  display.o ABSOLUTE
    event_groups.c                           0x00000000   Number         0  event_groups.o ABSOLUTE
    game_logic.c                             0x00000000   Number         0  game_logic.o ABSOLUTE
    heap_4.c                                 0x00000000   Number         0  heap_4.o ABSOLUTE
    list.c                                   0x00000000   Number         0  list.o ABSOLUTE
    main.c                                   0x00000000   Number         0  main.o ABSOLUTE
    port.c                                   0x00000000   Number         0  port.o ABSOLUTE
    queue.c                                  0x00000000   Number         0  queue.o ABSOLUTE
    system_stm32f10x.c                       0x00000000   Number         0  system_stm32f10x.o ABSOLUTE
    task_input.c                             0x00000000   Number         0  task_input.o ABSOLUTE
    task_snake.c                             0x00000000   Number         0  task_snake.o ABSOLUTE
    tasks.c                                  0x00000000   Number         0  tasks.o ABSOLUTE
    timers.c                                 0x00000000   Number         0  timers.o ABSOLUTE
    RESET                                    0x08000000   Section      236  startup_stm32f10x_md.o(RESET)
    !!!main                                  0x080000ec   Section        8  __main.o(!!!main)
    !!!scatter                               0x080000f4   Section       52  __scatter.o(!!!scatter)
    !!handler_copy                           0x08000128   Section       26  __scatter_copy.o(!!handler_copy)
    !!handler_zi                             0x08000144   Section       28  __scatter_zi.o(!!handler_zi)
    .ARM.Collect$$libinit$$00000000          0x08000160   Section        2  libinit.o(.ARM.Collect$$libinit$$00000000)
    .ARM.Collect$$libinit$$00000002          0x08000162   Section        0  libinit2.o(.ARM.Collect$$libinit$$00000002)
    .ARM.Collect$$libinit$$00000004          0x08000162   Section        0  libinit2.o(.ARM.Collect$$libinit$$00000004)
    .ARM.Collect$$libinit$$00000006          0x08000162   Section        0  libinit2.o(.ARM.Collect$$libinit$$00000006)
    .ARM.Collect$$libinit$$0000000C          0x08000162   Section        0  libinit2.o(.ARM.Collect$$libinit$$0000000C)
    .ARM.Collect$$libinit$$0000000E          0x08000162   Section        0  libinit2.o(.ARM.Collect$$libinit$$0000000E)
    .ARM.Collect$$libinit$$0000000F          0x08000162   Section        4  libinit2.o(.ARM.Collect$$libinit$$0000000F)
    .ARM.Collect$$libinit$$00000010          0x08000166   Section        0  libinit2.o(.ARM.Collect$$libinit$$00000010)
    .ARM.Collect$$libinit$$00000013          0x08000166   Section        0  libinit2.o(.ARM.Collect$$libinit$$00000013)
    .ARM.Collect$$libinit$$00000015          0x08000166   Section        0  libinit2.o(.ARM.Collect$$libinit$$00000015)
    .ARM.Collect$$libinit$$00000017          0x08000166   Section        0  libinit2.o(.ARM.Collect$$libinit$$00000017)
    .ARM.Collect$$libinit$$00000019          0x08000166   Section        0  libinit2.o(.ARM.Collect$$libinit$$00000019)
    .ARM.Collect$$libinit$$0000001B          0x08000166   Section        0  libinit2.o(.ARM.Collect$$libinit$$0000001B)
    .ARM.Collect$$libinit$$0000001D          0x08000166   Section        0  libinit2.o(.ARM.Collect$$libinit$$0000001D)
    .ARM.Collect$$libinit$$0000001F          0x08000166   Section        0  libinit2.o(.ARM.Collect$$libinit$$0000001F)
    .ARM.Collect$$libinit$$00000021          0x08000166   Section        0  libinit2.o(.ARM.Collect$$libinit$$00000021)
    .ARM.Collect$$libinit$$00000023          0x08000166   Section        0  libinit2.o(.ARM.Collect$$libinit$$00000023)
    .ARM.Collect$$libinit$$00000025          0x08000166   Section        0  libinit2.o(.ARM.Collect$$libinit$$00000025)
    .ARM.Collect$$libinit$$00000027          0x08000166   Section        0  libinit2.o(.ARM.Collect$$libinit$$00000027)
    .ARM.Collect$$libinit$$0000002E          0x08000166   Section        0  libinit2.o(.ARM.Collect$$libinit$$0000002E)
    .ARM.Collect$$libinit$$00000030          0x08000166   Section        0  libinit2.o(.ARM.Collect$$libinit$$00000030)
    .ARM.Collect$$libinit$$00000032          0x08000166   Section        0  libinit2.o(.ARM.Collect$$libinit$$00000032)
    .ARM.Collect$$libinit$$00000034          0x08000166   Section        0  libinit2.o(.ARM.Collect$$libinit$$00000034)
    .ARM.Collect$$libinit$$00000035          0x08000166   Section        2  libinit2.o(.ARM.Collect$$libinit$$00000035)
    .ARM.Collect$$libshutdown$$00000000      0x08000168   Section        2  libshutdown.o(.ARM.Collect$$libshutdown$$00000000)
    .ARM.Collect$$libshutdown$$00000002      0x0800016a   Section        0  libshutdown2.o(.ARM.Collect$$libshutdown$$00000002)
    .ARM.Collect$$libshutdown$$00000004      0x0800016a   Section        0  libshutdown2.o(.ARM.Collect$$libshutdown$$00000004)
    .ARM.Collect$$libshutdown$$00000007      0x0800016a   Section        0  libshutdown2.o(.ARM.Collect$$libshutdown$$00000007)
    .ARM.Collect$$libshutdown$$0000000A      0x0800016a   Section        0  libshutdown2.o(.ARM.Collect$$libshutdown$$0000000A)
    .ARM.Collect$$libshutdown$$0000000C      0x0800016a   Section        0  libshutdown2.o(.ARM.Collect$$libshutdown$$0000000C)
    .ARM.Collect$$libshutdown$$0000000F      0x0800016a   Section        0  libshutdown2.o(.ARM.Collect$$libshutdown$$0000000F)
    .ARM.Collect$$libshutdown$$00000010      0x0800016a   Section        2  libshutdown2.o(.ARM.Collect$$libshutdown$$00000010)
    .ARM.Collect$$rtentry$$00000000          0x0800016c   Section        0  __rtentry.o(.ARM.Collect$$rtentry$$00000000)
    .ARM.Collect$$rtentry$$00000002          0x0800016c   Section        0  __rtentry2.o(.ARM.Collect$$rtentry$$00000002)
    .ARM.Collect$$rtentry$$00000004          0x0800016c   Section        6  __rtentry4.o(.ARM.Collect$$rtentry$$00000004)
    .ARM.Collect$$rtentry$$00000009          0x08000172   Section        0  __rtentry2.o(.ARM.Collect$$rtentry$$00000009)
    .ARM.Collect$$rtentry$$0000000A          0x08000172   Section        4  __rtentry2.o(.ARM.Collect$$rtentry$$0000000A)
    .ARM.Collect$$rtentry$$0000000C          0x08000176   Section        0  __rtentry2.o(.ARM.Collect$$rtentry$$0000000C)
    .ARM.Collect$$rtentry$$0000000D          0x08000176   Section        8  __rtentry2.o(.ARM.Collect$$rtentry$$0000000D)
    .ARM.Collect$$rtexit$$00000000           0x0800017e   Section        2  rtexit.o(.ARM.Collect$$rtexit$$00000000)
    .ARM.Collect$$rtexit$$00000002           0x08000180   Section        0  rtexit2.o(.ARM.Collect$$rtexit$$00000002)
    .ARM.Collect$$rtexit$$00000003           0x08000180   Section        4  rtexit2.o(.ARM.Collect$$rtexit$$00000003)
    .ARM.Collect$$rtexit$$00000004           0x08000184   Section        6  rtexit2.o(.ARM.Collect$$rtexit$$00000004)
    .emb_text                                0x0800018c   Section       52  rand.o(.emb_text)
    .text                                    0x080001c0   Section       56  startup_stm32f10x_md.o(.text)
    .text                                    0x080001f8   Section        0  rand.o(.text)
    .text                                    0x08000234   Section      138  rt_memcpy_v6.o(.text)
    .text                                    0x080002be   Section       16  aeabi_memset4.o(.text)
    .text                                    0x080002ce   Section        0  heapauxi.o(.text)
    .text                                    0x080002d4   Section      100  rt_memcpy_w.o(.text)
    .text                                    0x08000338   Section       78  rt_memclr_w.o(.text)
    .text                                    0x08000386   Section       74  sys_stackheap_outer.o(.text)
    .text                                    0x080003d0   Section        0  exit.o(.text)
    .text                                    0x080003e4   Section        8  libspace.o(.text)
    .text                                    0x080003ec   Section        2  use_no_semi.o(.text)
    .text                                    0x080003ee   Section        0  indicate_semi.o(.text)
    .text                                    0x080003f0   Section        0  sys_exit.o(.text)
    [Anonymous Symbol]                       0x080003fc   Section        0  button.o(.text.Button_Down_Pressed)
    [Anonymous Symbol]                       0x08000414   Section        0  button.o(.text.Button_Init)
    [Anonymous Symbol]                       0x08000450   Section        0  button.o(.text.Button_Left_Pressed)
    [Anonymous Symbol]                       0x08000468   Section        0  button.o(.text.Button_Right_Pressed)
    [Anonymous Symbol]                       0x08000480   Section        0  button.o(.text.Button_Up_Pressed)
    [Anonymous Symbol]                       0x08000498   Section        0  exti.o(.text.EXTI0_IRQHandler)
    [Anonymous Symbol]                       0x080004bc   Section        0  gpio.o(.text.GPIO_Config)
    [Anonymous Symbol]                       0x080005e8   Section        0  gpio.o(.text.GPIO_Read_Pin)
    [Anonymous Symbol]                       0x08000604   Section        0  gpio.o(.text.GPIO_Write_Pin)
    [Anonymous Symbol]                       0x08000630   Section        0  port.o(.text.PendSV_Handler)
    pxCurrentTCBConst                        0x08000670   Number         0  port.o(.text.PendSV_Handler)
    [Anonymous Symbol]                       0x08000674   Section        0  rcc.o(.text.RCC_Enable_AFIO)
    [Anonymous Symbol]                       0x08000688   Section        0  rcc.o(.text.RCC_Enable_PortA)
    [Anonymous Symbol]                       0x0800069c   Section        0  rcc.o(.text.RCC_Enable_PortB)
    [Anonymous Symbol]                       0x080006b0   Section        0  rcc.o(.text.RCC_Enable_SPI1)
    [Anonymous Symbol]                       0x080006c4   Section        0  rcc.o(.text.RCC_Enable_TIM2)
    [Anonymous Symbol]                       0x080006d8   Section        0  spi.o(.text.SPI1_Init_Master)
    [Anonymous Symbol]                       0x0800075c   Section        0  spi.o(.text.SPI1_Send)
    [Anonymous Symbol]                       0x080007f0   Section        0  port.o(.text.SVC_Handler)
    pxCurrentTCBConst2                       0x08000810   Number         0  port.o(.text.SVC_Handler)
    [Anonymous Symbol]                       0x08000814   Section        0  port.o(.text.SysTick_Handler)
    [Anonymous Symbol]                       0x08000850   Section        0  tim.o(.text.TIM2_IRQHandler)
    [Anonymous Symbol]                       0x0800089c   Section        0  uart.o(.text.UART1_SendChar)
    [Anonymous Symbol]                       0x080008cc   Section        0  uart.o(.text.USART1_IRQHandler)
    [Anonymous Symbol]                       0x08000900   Section        0  game_logic.o(.text.checkCollision)
    [Anonymous Symbol]                       0x08000a10   Section        0  display.o(.text.clearTail)
    [Anonymous Symbol]                       0x08000a30   Section        0  tim.o(.text.delay_ms)
    [Anonymous Symbol]                       0x08000a90   Section        0  tft.o(.text.drawChar)
    [Anonymous Symbol]                       0x08000b78   Section        0  display.o(.text.drawFood)
    [Anonymous Symbol]                       0x08000b90   Section        0  display.o(.text.drawHead)
    [Anonymous Symbol]                       0x08000bb4   Section        0  tft.o(.text.drawPixel)
    [Anonymous Symbol]                       0x08000c0c   Section        0  display.o(.text.drawPixelBlock)
    [Anonymous Symbol]                       0x08000c70   Section        0  tft.o(.text.drawString)
    [Anonymous Symbol]                       0x08000ce8   Section        0  tft.o(.text.fullDisplay)
    [Anonymous Symbol]                       0x08000d24   Section        0  game_logic.o(.text.gameOver)
    [Anonymous Symbol]                       0x08000dd0   Section        0  game_logic.o(.text.generateFood)
    [Anonymous Symbol]                       0x08000e0c   Section        0  game_logic.o(.text.initGame)
    [Anonymous Symbol]                       0x08000e9c   Section        0  tft.o(.text.initTFT)
    [Anonymous Symbol]                       0x08000f50   Section        0  main.o(.text.main)
    [Anonymous Symbol]                       0x08001064   Section        0  game_logic.o(.text.moveSnake)
    prvAddCurrentTaskToDelayedList           0x08001141   Thumb Code   244  tasks.o(.text.prvAddCurrentTaskToDelayedList)
    [Anonymous Symbol]                       0x08001140   Section        0  tasks.o(.text.prvAddCurrentTaskToDelayedList)
    prvAddNewTaskToReadyList                 0x08001235   Thumb Code   278  tasks.o(.text.prvAddNewTaskToReadyList)
    [Anonymous Symbol]                       0x08001234   Section        0  tasks.o(.text.prvAddNewTaskToReadyList)
    prvCheckTasksWaitingTermination          0x0800134d   Thumb Code   126  tasks.o(.text.prvCheckTasksWaitingTermination)
    [Anonymous Symbol]                       0x0800134c   Section        0  tasks.o(.text.prvCheckTasksWaitingTermination)
    prvCopyDataFromQueue                     0x080013cd   Thumb Code    66  queue.o(.text.prvCopyDataFromQueue)
    [Anonymous Symbol]                       0x080013cc   Section        0  queue.o(.text.prvCopyDataFromQueue)
    prvCopyDataToQueue                       0x08001411   Thumb Code   204  queue.o(.text.prvCopyDataToQueue)
    [Anonymous Symbol]                       0x08001410   Section        0  queue.o(.text.prvCopyDataToQueue)
    prvDeleteTCB                             0x080014dd   Thumb Code    24  tasks.o(.text.prvDeleteTCB)
    [Anonymous Symbol]                       0x080014dc   Section        0  tasks.o(.text.prvDeleteTCB)
    prvHeapInit                              0x080014f5   Thumb Code   188  heap_4.o(.text.prvHeapInit)
    [Anonymous Symbol]                       0x080014f4   Section        0  heap_4.o(.text.prvHeapInit)
    prvIdleTask                              0x080015b1   Thumb Code    56  tasks.o(.text.prvIdleTask)
    [Anonymous Symbol]                       0x080015b0   Section        0  tasks.o(.text.prvIdleTask)
    prvInitialiseMutex                       0x080015e9   Thumb Code    44  queue.o(.text.prvInitialiseMutex)
    [Anonymous Symbol]                       0x080015e8   Section        0  queue.o(.text.prvInitialiseMutex)
    prvInitialiseNewQueue                    0x08001615   Thumb Code    72  queue.o(.text.prvInitialiseNewQueue)
    [Anonymous Symbol]                       0x08001614   Section        0  queue.o(.text.prvInitialiseNewQueue)
    prvInitialiseNewTask                     0x0800165d   Thumb Code   240  tasks.o(.text.prvInitialiseNewTask)
    [Anonymous Symbol]                       0x0800165c   Section        0  tasks.o(.text.prvInitialiseNewTask)
    prvInitialiseTaskLists                   0x0800174d   Thumb Code   142  tasks.o(.text.prvInitialiseTaskLists)
    [Anonymous Symbol]                       0x0800174c   Section        0  tasks.o(.text.prvInitialiseTaskLists)
    prvInsertBlockIntoFreeList               0x080017dd   Thumb Code   198  heap_4.o(.text.prvInsertBlockIntoFreeList)
    [Anonymous Symbol]                       0x080017dc   Section        0  heap_4.o(.text.prvInsertBlockIntoFreeList)
    prvIsQueueEmpty                          0x080018a5   Thumb Code    40  queue.o(.text.prvIsQueueEmpty)
    [Anonymous Symbol]                       0x080018a4   Section        0  queue.o(.text.prvIsQueueEmpty)
    prvIsQueueFull                           0x080018cd   Thumb Code    46  queue.o(.text.prvIsQueueFull)
    [Anonymous Symbol]                       0x080018cc   Section        0  queue.o(.text.prvIsQueueFull)
    prvPortStartFirstTask                    0x080018fd   Thumb Code    26  port.o(.text.prvPortStartFirstTask)
    [Anonymous Symbol]                       0x080018fc   Section        0  port.o(.text.prvPortStartFirstTask)
    prvResetNextTaskUnblockTime              0x0800191d   Thumb Code    70  tasks.o(.text.prvResetNextTaskUnblockTime)
    [Anonymous Symbol]                       0x0800191c   Section        0  tasks.o(.text.prvResetNextTaskUnblockTime)
    prvTaskExitError                         0x08001965   Thumb Code    24  port.o(.text.prvTaskExitError)
    [Anonymous Symbol]                       0x08001964   Section        0  port.o(.text.prvTaskExitError)
    prvTestWaitCondition                     0x0800197d   Thumb Code    66  event_groups.o(.text.prvTestWaitCondition)
    [Anonymous Symbol]                       0x0800197c   Section        0  event_groups.o(.text.prvTestWaitCondition)
    prvUnlockQueue                           0x080019c1   Thumb Code   174  queue.o(.text.prvUnlockQueue)
    [Anonymous Symbol]                       0x080019c0   Section        0  queue.o(.text.prvUnlockQueue)
    [Anonymous Symbol]                       0x08001a70   Section        0  heap_4.o(.text.pvPortMalloc)
    [Anonymous Symbol]                       0x08001bec   Section        0  tasks.o(.text.pvTaskIncrementMutexHeldCount)
    [Anonymous Symbol]                       0x08001c18   Section        0  port.o(.text.pxPortInitialiseStack)
    [Anonymous Symbol]                       0x08001c68   Section        0  display.o(.text.safeDrawPixel)
    [Anonymous Symbol]                       0x08001cb4   Section        0  tft.o(.text.sendCMDList)
    [Anonymous Symbol]                       0x08001d30   Section        0  tft.o(.text.setPos)
    [Anonymous Symbol]                       0x08001d90   Section        0  list.o(.text.uxListRemove)
    [Anonymous Symbol]                       0x08001dd8   Section        0  tasks.o(.text.uxTaskResetEventItemValue)
    [Anonymous Symbol]                       0x08001dfc   Section        0  list.o(.text.vListInitialise)
    [Anonymous Symbol]                       0x08001e2c   Section        0  list.o(.text.vListInitialiseItem)
    [Anonymous Symbol]                       0x08001e3c   Section        0  list.o(.text.vListInsert)
    [Anonymous Symbol]                       0x08001ea8   Section        0  list.o(.text.vListInsertEnd)
    [Anonymous Symbol]                       0x08001ee4   Section        0  port.o(.text.vPortEnterCritical)
    [Anonymous Symbol]                       0x08001f14   Section        0  port.o(.text.vPortExitCritical)
    [Anonymous Symbol]                       0x08001f3c   Section        0  heap_4.o(.text.vPortFree)
    [Anonymous Symbol]                       0x08001fb4   Section        0  port.o(.text.vPortSetupTimerInterrupt)
    [Anonymous Symbol]                       0x08001fd4   Section        0  tasks.o(.text.vTaskDelay)
    [Anonymous Symbol]                       0x08002020   Section        0  task_input.o(.text.vTaskInput)
    [Anonymous Symbol]                       0x08002178   Section        0  tasks.o(.text.vTaskMissedYield)
    [Anonymous Symbol]                       0x08002188   Section        0  tasks.o(.text.vTaskPlaceOnEventList)
    [Anonymous Symbol]                       0x080021b0   Section        0  tasks.o(.text.vTaskPlaceOnUnorderedEventList)
    [Anonymous Symbol]                       0x080021e4   Section        0  tasks.o(.text.vTaskPriorityInherit)
    [Anonymous Symbol]                       0x080022f0   Section        0  tasks.o(.text.vTaskSetTimeOutState)
    [Anonymous Symbol]                       0x08002314   Section        0  task_snake.o(.text.vTaskSnake)
    [Anonymous Symbol]                       0x08002438   Section        0  tasks.o(.text.vTaskStartScheduler)
    [Anonymous Symbol]                       0x080024b8   Section        0  tasks.o(.text.vTaskSuspendAll)
    [Anonymous Symbol]                       0x080024c8   Section        0  tasks.o(.text.vTaskSwitchContext)
    [Anonymous Symbol]                       0x0800255c   Section        0  tft.o(.text.writeCMDTFT)
    [Anonymous Symbol]                       0x0800259c   Section        0  tft.o(.text.writeDataTFT)
    [Anonymous Symbol]                       0x080025d8   Section        0  event_groups.o(.text.xEventGroupCreate)
    [Anonymous Symbol]                       0x08002604   Section        0  event_groups.o(.text.xEventGroupSetBits)
    [Anonymous Symbol]                       0x080026e4   Section        0  event_groups.o(.text.xEventGroupWaitBits)
    [Anonymous Symbol]                       0x0800280c   Section        0  port.o(.text.xPortStartScheduler)
    [Anonymous Symbol]                       0x08002848   Section        0  queue.o(.text.xQueueCreateMutex)
    [Anonymous Symbol]                       0x08002870   Section        0  queue.o(.text.xQueueGenericCreate)
    [Anonymous Symbol]                       0x080028c8   Section        0  queue.o(.text.xQueueGenericReceive)
    [Anonymous Symbol]                       0x08002a98   Section        0  queue.o(.text.xQueueGenericReset)
    [Anonymous Symbol]                       0x08002b38   Section        0  queue.o(.text.xQueueGenericSend)
    [Anonymous Symbol]                       0x08002ca4   Section        0  tasks.o(.text.xTaskCheckForTimeOut)
    [Anonymous Symbol]                       0x08002d34   Section        0  tasks.o(.text.xTaskCreate)
    [Anonymous Symbol]                       0x08002dcc   Section        0  tasks.o(.text.xTaskIncrementTick)
    [Anonymous Symbol]                       0x08002f60   Section        0  tasks.o(.text.xTaskPriorityDisinherit)
    [Anonymous Symbol]                       0x08003030   Section        0  tasks.o(.text.xTaskRemoveFromEventList)
    [Anonymous Symbol]                       0x080030d8   Section        0  tasks.o(.text.xTaskRemoveFromUnorderedEventList)
    [Anonymous Symbol]                       0x08003164   Section        0  tasks.o(.text.xTaskResumeAll)
    Font7x10                                 0x080032b8   Data        1900  font.o(.rodata.Font7x10)
    [Anonymous Symbol]                       0x080032b8   Section        0  font.o(.rodata.Font7x10)
    .L.str                                   0x08003a2c   Data           6  main.o(.rodata.str1.1)
    [Anonymous Symbol]                       0x08003a2c   Section        0  main.o(.rodata.str1.1)
    .L.str.2                                 0x08003a32   Data          10  main.o(.rodata.str1.1)
    .L.str.1                                 0x08003a3c   Data           6  main.o(.rodata.str1.1)
    .L.str                                   0x08003a42   Data           5  tasks.o(.rodata.str1.1)
    [Anonymous Symbol]                       0x08003a42   Section        0  tasks.o(.rodata.str1.1)
    .L.str.2                                 0x08003a47   Data           9  game_logic.o(.rodata.str1.1)
    [Anonymous Symbol]                       0x08003a47   Section        0  game_logic.o(.rodata.str1.1)
    .L.str.1                                 0x08003a50   Data           9  game_logic.o(.rodata.str1.1)
    .L.str                                   0x08003a59   Data          14  game_logic.o(.rodata.str1.1)
    u8InitCmdList                            0x08003a67   Data          82  tft.o(.rodata.u8InitCmdList)
    [Anonymous Symbol]                       0x08003a67   Section        0  tft.o(.rodata.u8InitCmdList)
    uxCriticalNesting                        0x20000000   Data           4  port.o(.data.uxCriticalNesting)
    [Anonymous Symbol]                       0x20000000   Section        0  port.o(.data.uxCriticalNesting)
    .bss                                     0x20000008   Section      228  rand.o(.bss)
    .bss                                     0x200000ec   Section       96  libspace.o(.bss)
    pxDelayedTaskList                        0x20000158   Data           4  tasks.o(.bss.pxDelayedTaskList)
    [Anonymous Symbol]                       0x20000158   Section        0  tasks.o(.bss.pxDelayedTaskList)
    pxEnd                                    0x2000015c   Data           4  heap_4.o(.bss.pxEnd)
    [Anonymous Symbol]                       0x2000015c   Section        0  heap_4.o(.bss.pxEnd)
    pxOverflowDelayedTaskList                0x20000160   Data           4  tasks.o(.bss.pxOverflowDelayedTaskList)
    [Anonymous Symbol]                       0x20000160   Section        0  tasks.o(.bss.pxOverflowDelayedTaskList)
    pxReadyTasksLists                        0x20000164   Data         100  tasks.o(.bss.pxReadyTasksLists)
    [Anonymous Symbol]                       0x20000164   Section        0  tasks.o(.bss.pxReadyTasksLists)
    ucHeap                                   0x2000021a   Data        5120  heap_4.o(.bss.ucHeap)
    [Anonymous Symbol]                       0x2000021a   Section        0  heap_4.o(.bss.ucHeap)
    uxCurrentNumberOfTasks                   0x2000161c   Data           4  tasks.o(.bss.uxCurrentNumberOfTasks)
    [Anonymous Symbol]                       0x2000161c   Section        0  tasks.o(.bss.uxCurrentNumberOfTasks)
    uxDeletedTasksWaitingCleanUp             0x20001620   Data           4  tasks.o(.bss.uxDeletedTasksWaitingCleanUp)
    [Anonymous Symbol]                       0x20001620   Section        0  tasks.o(.bss.uxDeletedTasksWaitingCleanUp)
    uxPendedTicks                            0x20001624   Data           4  tasks.o(.bss.uxPendedTicks)
    [Anonymous Symbol]                       0x20001624   Section        0  tasks.o(.bss.uxPendedTicks)
    uxSchedulerSuspended                     0x20001628   Data           4  tasks.o(.bss.uxSchedulerSuspended)
    [Anonymous Symbol]                       0x20001628   Section        0  tasks.o(.bss.uxSchedulerSuspended)
    uxTaskNumber                             0x2000162c   Data           4  tasks.o(.bss.uxTaskNumber)
    [Anonymous Symbol]                       0x2000162c   Section        0  tasks.o(.bss.uxTaskNumber)
    uxTopReadyPriority                       0x20001630   Data           4  tasks.o(.bss.uxTopReadyPriority)
    [Anonymous Symbol]                       0x20001630   Section        0  tasks.o(.bss.uxTopReadyPriority)
    xBlockAllocatedBit                       0x20001634   Data           4  heap_4.o(.bss.xBlockAllocatedBit)
    [Anonymous Symbol]                       0x20001634   Section        0  heap_4.o(.bss.xBlockAllocatedBit)
    xDelayedTaskList1                        0x20001638   Data          20  tasks.o(.bss.xDelayedTaskList1)
    [Anonymous Symbol]                       0x20001638   Section        0  tasks.o(.bss.xDelayedTaskList1)
    xDelayedTaskList2                        0x2000164c   Data          20  tasks.o(.bss.xDelayedTaskList2)
    [Anonymous Symbol]                       0x2000164c   Section        0  tasks.o(.bss.xDelayedTaskList2)
    xFreeBytesRemaining                      0x20001664   Data           4  heap_4.o(.bss.xFreeBytesRemaining)
    [Anonymous Symbol]                       0x20001664   Section        0  heap_4.o(.bss.xFreeBytesRemaining)
    xIdleTaskHandle                          0x20001668   Data           4  tasks.o(.bss.xIdleTaskHandle)
    [Anonymous Symbol]                       0x20001668   Section        0  tasks.o(.bss.xIdleTaskHandle)
    xMinimumEverFreeBytesRemaining           0x20001670   Data           4  heap_4.o(.bss.xMinimumEverFreeBytesRemaining)
    [Anonymous Symbol]                       0x20001670   Section        0  heap_4.o(.bss.xMinimumEverFreeBytesRemaining)
    xNextTaskUnblockTime                     0x20001674   Data           4  tasks.o(.bss.xNextTaskUnblockTime)
    [Anonymous Symbol]                       0x20001674   Section        0  tasks.o(.bss.xNextTaskUnblockTime)
    xNumOfOverflows                          0x20001678   Data           4  tasks.o(.bss.xNumOfOverflows)
    [Anonymous Symbol]                       0x20001678   Section        0  tasks.o(.bss.xNumOfOverflows)
    xPendingReadyList                        0x2000167c   Data          20  tasks.o(.bss.xPendingReadyList)
    [Anonymous Symbol]                       0x2000167c   Section        0  tasks.o(.bss.xPendingReadyList)
    xSchedulerRunning                        0x20001690   Data           4  tasks.o(.bss.xSchedulerRunning)
    [Anonymous Symbol]                       0x20001690   Section        0  tasks.o(.bss.xSchedulerRunning)
    xStart                                   0x20001698   Data           8  heap_4.o(.bss.xStart)
    [Anonymous Symbol]                       0x20001698   Section        0  heap_4.o(.bss.xStart)
    xSuspendedTaskList                       0x200016a0   Data          20  tasks.o(.bss.xSuspendedTaskList)
    [Anonymous Symbol]                       0x200016a0   Section        0  tasks.o(.bss.xSuspendedTaskList)
    xTasksWaitingTermination                 0x200016b4   Data          20  tasks.o(.bss.xTasksWaitingTermination)
    [Anonymous Symbol]                       0x200016b4   Section        0  tasks.o(.bss.xTasksWaitingTermination)
    xTickCount                               0x200016c8   Data           4  tasks.o(.bss.xTickCount)
    [Anonymous Symbol]                       0x200016c8   Section        0  tasks.o(.bss.xTickCount)
    xYieldPending                            0x200016cc   Data           4  tasks.o(.bss.xYieldPending)
    [Anonymous Symbol]                       0x200016cc   Section        0  tasks.o(.bss.xYieldPending)
    Heap_Mem                                 0x200016d0   Data         512  startup_stm32f10x_md.o(HEAP)
    HEAP                                     0x200016d0   Section      512  startup_stm32f10x_md.o(HEAP)
    Stack_Mem                                0x200018d0   Data        1024  startup_stm32f10x_md.o(STACK)
    STACK                                    0x200018d0   Section     1024  startup_stm32f10x_md.o(STACK)
    __initial_sp                             0x20001cd0   Data           0  startup_stm32f10x_md.o(STACK)

    Global Symbols

    Symbol Name                              Value     Ov Type        Size  Object(Section)

    BuildAttributes$$THM_ISAv4$P$D$K$B$S$PE$A:L22UL41UL21$X:L11$S22US41US21$IEEE1$IW$~IW$USESV6$~STKCKD$USESV7$~SHL$OSPACE$ROPI$EBA8$UX$STANDARDLIB$REQ8$PRES8$EABIv2 0x00000000   Number         0  anon$$obj.o ABSOLUTE
    __fp_init_empty                          0x00000000   Number         0  fpinit_empty.o ABSOLUTE
    __ARM_exceptions_init                     - Undefined Weak Reference
    __alloca_initialize                       - Undefined Weak Reference
    __arm_preinit_                            - Undefined Weak Reference
    __arm_relocate_pie_                       - Undefined Weak Reference
    __cpp_initialize__aeabi_                  - Undefined Weak Reference
    __cxa_finalize                            - Undefined Weak Reference
    __rt_locale                               - Undefined Weak Reference
    __sigvec_lookup                           - Undefined Weak Reference
    _atexit_init                              - Undefined Weak Reference
    _call_atexit_fns                          - Undefined Weak Reference
    _clock_init                               - Undefined Weak Reference
    _fp_trap_init                             - Undefined Weak Reference
    _fp_trap_shutdown                         - Undefined Weak Reference
    _get_lc_collate                           - Undefined Weak Reference
    _get_lc_ctype                             - Undefined Weak Reference
    _get_lc_monetary                          - Undefined Weak Reference
    _get_lc_numeric                           - Undefined Weak Reference
    _get_lc_time                              - Undefined Weak Reference
    _getenv_init                              - Undefined Weak Reference
    _handle_redirection                       - Undefined Weak Reference
    _init_alloc                               - Undefined Weak Reference
    _init_user_alloc                          - Undefined Weak Reference
    _initio                                   - Undefined Weak Reference
    _signal_finish                            - Undefined Weak Reference
    _signal_init                              - Undefined Weak Reference
    _terminate_alloc                          - Undefined Weak Reference
    _terminate_user_alloc                     - Undefined Weak Reference
    _terminateio                              - Undefined Weak Reference
    __Vectors_Size                           0x000000ec   Number         0  startup_stm32f10x_md.o ABSOLUTE
    __Vectors                                0x08000000   Data           4  startup_stm32f10x_md.o(RESET)
    __Vectors_End                            0x080000ec   Data           0  startup_stm32f10x_md.o(RESET)
    __main                                   0x080000ed   Thumb Code     8  __main.o(!!!main)
    __scatterload                            0x080000f5   Thumb Code     0  __scatter.o(!!!scatter)
    __scatterload_rt2                        0x080000f5   Thumb Code    44  __scatter.o(!!!scatter)
    __scatterload_rt2_thumb_only             0x080000f5   Thumb Code     0  __scatter.o(!!!scatter)
    __scatterload_null                       0x08000103   Thumb Code     0  __scatter.o(!!!scatter)
    __scatterload_copy                       0x08000129   Thumb Code    26  __scatter_copy.o(!!handler_copy)
    __scatterload_zeroinit                   0x08000145   Thumb Code    28  __scatter_zi.o(!!handler_zi)
    __rt_lib_init                            0x08000161   Thumb Code     0  libinit.o(.ARM.Collect$$libinit$$00000000)
    __rt_lib_init_fp_1                       0x08000163   Thumb Code     0  libinit2.o(.ARM.Collect$$libinit$$00000002)
    __rt_lib_init_heap_1                     0x08000163   Thumb Code     0  libinit2.o(.ARM.Collect$$libinit$$0000000C)
    __rt_lib_init_preinit_1                  0x08000163   Thumb Code     0  libinit2.o(.ARM.Collect$$libinit$$00000006)
    __rt_lib_init_rand_2                     0x08000163   Thumb Code     0  libinit2.o(.ARM.Collect$$libinit$$0000000F)
    __rt_lib_init_relocate_pie_1             0x08000163   Thumb Code     0  libinit2.o(.ARM.Collect$$libinit$$00000004)
    __rt_lib_init_user_alloc_1               0x08000163   Thumb Code     0  libinit2.o(.ARM.Collect$$libinit$$0000000E)
    __rt_lib_init_alloca_1                   0x08000167   Thumb Code     0  libinit2.o(.ARM.Collect$$libinit$$00000030)
    __rt_lib_init_argv_1                     0x08000167   Thumb Code     0  libinit2.o(.ARM.Collect$$libinit$$0000002E)
    __rt_lib_init_atexit_1                   0x08000167   Thumb Code     0  libinit2.o(.ARM.Collect$$libinit$$0000001D)
    __rt_lib_init_clock_1                    0x08000167   Thumb Code     0  libinit2.o(.ARM.Collect$$libinit$$00000023)
    __rt_lib_init_cpp_1                      0x08000167   Thumb Code     0  libinit2.o(.ARM.Collect$$libinit$$00000034)
    __rt_lib_init_exceptions_1               0x08000167   Thumb Code     0  libinit2.o(.ARM.Collect$$libinit$$00000032)
    __rt_lib_init_fp_trap_1                  0x08000167   Thumb Code     0  libinit2.o(.ARM.Collect$$libinit$$00000021)
    __rt_lib_init_getenv_1                   0x08000167   Thumb Code     0  libinit2.o(.ARM.Collect$$libinit$$00000025)
    __rt_lib_init_lc_collate_1               0x08000167   Thumb Code     0  libinit2.o(.ARM.Collect$$libinit$$00000013)
    __rt_lib_init_lc_ctype_1                 0x08000167   Thumb Code     0  libinit2.o(.ARM.Collect$$libinit$$00000015)
    __rt_lib_init_lc_monetary_1              0x08000167   Thumb Code     0  libinit2.o(.ARM.Collect$$libinit$$00000017)
    __rt_lib_init_lc_numeric_1               0x08000167   Thumb Code     0  libinit2.o(.ARM.Collect$$libinit$$00000019)
    __rt_lib_init_lc_time_1                  0x08000167   Thumb Code     0  libinit2.o(.ARM.Collect$$libinit$$0000001B)
    __rt_lib_init_rand_1                     0x08000167   Thumb Code     0  libinit2.o(.ARM.Collect$$libinit$$00000010)
    __rt_lib_init_return                     0x08000167   Thumb Code     0  libinit2.o(.ARM.Collect$$libinit$$00000035)
    __rt_lib_init_signal_1                   0x08000167   Thumb Code     0  libinit2.o(.ARM.Collect$$libinit$$0000001F)
    __rt_lib_init_stdio_1                    0x08000167   Thumb Code     0  libinit2.o(.ARM.Collect$$libinit$$00000027)
    __rt_lib_shutdown                        0x08000169   Thumb Code     0  libshutdown.o(.ARM.Collect$$libshutdown$$00000000)
    __rt_lib_shutdown_cpp_1                  0x0800016b   Thumb Code     0  libshutdown2.o(.ARM.Collect$$libshutdown$$00000002)
    __rt_lib_shutdown_fp_trap_1              0x0800016b   Thumb Code     0  libshutdown2.o(.ARM.Collect$$libshutdown$$00000007)
    __rt_lib_shutdown_heap_1                 0x0800016b   Thumb Code     0  libshutdown2.o(.ARM.Collect$$libshutdown$$0000000F)
    __rt_lib_shutdown_return                 0x0800016b   Thumb Code     0  libshutdown2.o(.ARM.Collect$$libshutdown$$00000010)
    __rt_lib_shutdown_signal_1               0x0800016b   Thumb Code     0  libshutdown2.o(.ARM.Collect$$libshutdown$$0000000A)
    __rt_lib_shutdown_stdio_1                0x0800016b   Thumb Code     0  libshutdown2.o(.ARM.Collect$$libshutdown$$00000004)
    __rt_lib_shutdown_user_alloc_1           0x0800016b   Thumb Code     0  libshutdown2.o(.ARM.Collect$$libshutdown$$0000000C)
    __rt_entry                               0x0800016d   Thumb Code     0  __rtentry.o(.ARM.Collect$$rtentry$$00000000)
    __rt_entry_presh_1                       0x0800016d   Thumb Code     0  __rtentry2.o(.ARM.Collect$$rtentry$$00000002)
    __rt_entry_sh                            0x0800016d   Thumb Code     0  __rtentry4.o(.ARM.Collect$$rtentry$$00000004)
    __rt_entry_li                            0x08000173   Thumb Code     0  __rtentry2.o(.ARM.Collect$$rtentry$$0000000A)
    __rt_entry_postsh_1                      0x08000173   Thumb Code     0  __rtentry2.o(.ARM.Collect$$rtentry$$00000009)
    __rt_entry_main                          0x08000177   Thumb Code     0  __rtentry2.o(.ARM.Collect$$rtentry$$0000000D)
    __rt_entry_postli_1                      0x08000177   Thumb Code     0  __rtentry2.o(.ARM.Collect$$rtentry$$0000000C)
    __rt_exit                                0x0800017f   Thumb Code     0  rtexit.o(.ARM.Collect$$rtexit$$00000000)
    __rt_exit_ls                             0x08000181   Thumb Code     0  rtexit2.o(.ARM.Collect$$rtexit$$00000003)
    __rt_exit_prels_1                        0x08000181   Thumb Code     0  rtexit2.o(.ARM.Collect$$rtexit$$00000002)
    __rt_exit_exit                           0x08000185   Thumb Code     0  rtexit2.o(.ARM.Collect$$rtexit$$00000004)
    rand                                     0x0800018d   Thumb Code    48  rand.o(.emb_text)
    Reset_Handler                            0x080001c1   Thumb Code     4  startup_stm32f10x_md.o(.text)
    NMI_Handler                              0x080001c5   Thumb Code     2  startup_stm32f10x_md.o(.text)
    HardFault_Handler                        0x080001c7   Thumb Code     2  startup_stm32f10x_md.o(.text)
    MemManage_Handler                        0x080001c9   Thumb Code     2  startup_stm32f10x_md.o(.text)
    BusFault_Handler                         0x080001cb   Thumb Code     2  startup_stm32f10x_md.o(.text)
    UsageFault_Handler                       0x080001cd   Thumb Code     2  startup_stm32f10x_md.o(.text)
    DebugMon_Handler                         0x080001d1   Thumb Code     2  startup_stm32f10x_md.o(.text)
    ADC1_2_IRQHandler                        0x080001d7   Thumb Code     0  startup_stm32f10x_md.o(.text)
    CAN1_RX1_IRQHandler                      0x080001d7   Thumb Code     0  startup_stm32f10x_md.o(.text)
    CAN1_SCE_IRQHandler                      0x080001d7   Thumb Code     0  startup_stm32f10x_md.o(.text)
    DMA1_Channel1_IRQHandler                 0x080001d7   Thumb Code     0  startup_stm32f10x_md.o(.text)
    DMA1_Channel2_IRQHandler                 0x080001d7   Thumb Code     0  startup_stm32f10x_md.o(.text)
    DMA1_Channel3_IRQHandler                 0x080001d7   Thumb Code     0  startup_stm32f10x_md.o(.text)
    DMA1_Channel4_IRQHandler                 0x080001d7   Thumb Code     0  startup_stm32f10x_md.o(.text)
    DMA1_Channel5_IRQHandler                 0x080001d7   Thumb Code     0  startup_stm32f10x_md.o(.text)
    DMA1_Channel6_IRQHandler                 0x080001d7   Thumb Code     0  startup_stm32f10x_md.o(.text)
    DMA1_Channel7_IRQHandler                 0x080001d7   Thumb Code     0  startup_stm32f10x_md.o(.text)
    EXTI15_10_IRQHandler                     0x080001d7   Thumb Code     0  startup_stm32f10x_md.o(.text)
    EXTI1_IRQHandler                         0x080001d7   Thumb Code     0  startup_stm32f10x_md.o(.text)
    EXTI2_IRQHandler                         0x080001d7   Thumb Code     0  startup_stm32f10x_md.o(.text)
    EXTI3_IRQHandler                         0x080001d7   Thumb Code     0  startup_stm32f10x_md.o(.text)
    EXTI4_IRQHandler                         0x080001d7   Thumb Code     0  startup_stm32f10x_md.o(.text)
    EXTI9_5_IRQHandler                       0x080001d7   Thumb Code     0  startup_stm32f10x_md.o(.text)
    FLASH_IRQHandler                         0x080001d7   Thumb Code     0  startup_stm32f10x_md.o(.text)
    I2C1_ER_IRQHandler                       0x080001d7   Thumb Code     0  startup_stm32f10x_md.o(.text)
    I2C1_EV_IRQHandler                       0x080001d7   Thumb Code     0  startup_stm32f10x_md.o(.text)
    I2C2_ER_IRQHandler                       0x080001d7   Thumb Code     0  startup_stm32f10x_md.o(.text)
    I2C2_EV_IRQHandler                       0x080001d7   Thumb Code     0  startup_stm32f10x_md.o(.text)
    PVD_IRQHandler                           0x080001d7   Thumb Code     0  startup_stm32f10x_md.o(.text)
    RCC_IRQHandler                           0x080001d7   Thumb Code     0  startup_stm32f10x_md.o(.text)
    RTCAlarm_IRQHandler                      0x080001d7   Thumb Code     0  startup_stm32f10x_md.o(.text)
    RTC_IRQHandler                           0x080001d7   Thumb Code     0  startup_stm32f10x_md.o(.text)
    SPI1_IRQHandler                          0x080001d7   Thumb Code     0  startup_stm32f10x_md.o(.text)
    SPI2_IRQHandler                          0x080001d7   Thumb Code     0  startup_stm32f10x_md.o(.text)
    TAMPER_IRQHandler                        0x080001d7   Thumb Code     0  startup_stm32f10x_md.o(.text)
    TIM1_BRK_IRQHandler                      0x080001d7   Thumb Code     0  startup_stm32f10x_md.o(.text)
    TIM1_CC_IRQHandler                       0x080001d7   Thumb Code     0  startup_stm32f10x_md.o(.text)
    TIM1_TRG_COM_IRQHandler                  0x080001d7   Thumb Code     0  startup_stm32f10x_md.o(.text)
    TIM1_UP_IRQHandler                       0x080001d7   Thumb Code     0  startup_stm32f10x_md.o(.text)
    TIM3_IRQHandler                          0x080001d7   Thumb Code     0  startup_stm32f10x_md.o(.text)
    TIM4_IRQHandler                          0x080001d7   Thumb Code     0  startup_stm32f10x_md.o(.text)
    USART2_IRQHandler                        0x080001d7   Thumb Code     0  startup_stm32f10x_md.o(.text)
    USART3_IRQHandler                        0x080001d7   Thumb Code     0  startup_stm32f10x_md.o(.text)
    USBWakeUp_IRQHandler                     0x080001d7   Thumb Code     0  startup_stm32f10x_md.o(.text)
    USB_HP_CAN1_TX_IRQHandler                0x080001d7   Thumb Code     0  startup_stm32f10x_md.o(.text)
    USB_LP_CAN1_RX0_IRQHandler               0x080001d7   Thumb Code     0  startup_stm32f10x_md.o(.text)
    WWDG_IRQHandler                          0x080001d7   Thumb Code     0  startup_stm32f10x_md.o(.text)
    __user_initial_stackheap                 0x080001d9   Thumb Code     0  startup_stm32f10x_md.o(.text)
    srand                                    0x080001f9   Thumb Code    42  rand.o(.text)
    _rand_init                               0x08000223   Thumb Code     4  rand.o(.text)
    __aeabi_memcpy                           0x08000235   Thumb Code     0  rt_memcpy_v6.o(.text)
    __rt_memcpy                              0x08000235   Thumb Code   138  rt_memcpy_v6.o(.text)
    _memcpy_lastbytes                        0x0800029b   Thumb Code     0  rt_memcpy_v6.o(.text)
    __aeabi_memset4                          0x080002bf   Thumb Code    16  aeabi_memset4.o(.text)
    __aeabi_memset8                          0x080002bf   Thumb Code     0  aeabi_memset4.o(.text)
    __use_two_region_memory                  0x080002cf   Thumb Code     2  heapauxi.o(.text)
    __rt_heap_escrow$2region                 0x080002d1   Thumb Code     2  heapauxi.o(.text)
    __rt_heap_expand$2region                 0x080002d3   Thumb Code     2  heapauxi.o(.text)
    __aeabi_memcpy4                          0x080002d5   Thumb Code     0  rt_memcpy_w.o(.text)
    __aeabi_memcpy8                          0x080002d5   Thumb Code     0  rt_memcpy_w.o(.text)
    __rt_memcpy_w                            0x080002d5   Thumb Code   100  rt_memcpy_w.o(.text)
    _memcpy_lastbytes_aligned                0x0800031d   Thumb Code     0  rt_memcpy_w.o(.text)
    __aeabi_memclr4                          0x08000339   Thumb Code     0  rt_memclr_w.o(.text)
    __aeabi_memclr8                          0x08000339   Thumb Code     0  rt_memclr_w.o(.text)
    __rt_memclr_w                            0x08000339   Thumb Code     0  rt_memclr_w.o(.text)
    _memset_w                                0x0800033d   Thumb Code    74  rt_memclr_w.o(.text)
    __user_setup_stackheap                   0x08000387   Thumb Code    74  sys_stackheap_outer.o(.text)
    exit                                     0x080003d1   Thumb Code    18  exit.o(.text)
    __user_libspace                          0x080003e5   Thumb Code     8  libspace.o(.text)
    __user_perproc_libspace                  0x080003e5   Thumb Code     0  libspace.o(.text)
    __user_perthread_libspace                0x080003e5   Thumb Code     0  libspace.o(.text)
    __I$use$semihosting                      0x080003ed   Thumb Code     0  use_no_semi.o(.text)
    __use_no_semihosting_swi                 0x080003ed   Thumb Code     2  use_no_semi.o(.text)
    __semihosting_library_function           0x080003ef   Thumb Code     0  indicate_semi.o(.text)
    _sys_exit                                0x080003f1   Thumb Code     8  sys_exit.o(.text)
    Button_Down_Pressed                      0x080003fd   Thumb Code    24  button.o(.text.Button_Down_Pressed)
    Button_Init                              0x08000415   Thumb Code    58  button.o(.text.Button_Init)
    Button_Left_Pressed                      0x08000451   Thumb Code    24  button.o(.text.Button_Left_Pressed)
    Button_Right_Pressed                     0x08000469   Thumb Code    24  button.o(.text.Button_Right_Pressed)
    Button_Up_Pressed                        0x08000481   Thumb Code    24  button.o(.text.Button_Up_Pressed)
    EXTI0_IRQHandler                         0x08000499   Thumb Code    36  exti.o(.text.EXTI0_IRQHandler)
    GPIO_Config                              0x080004bd   Thumb Code   298  gpio.o(.text.GPIO_Config)
    GPIO_Read_Pin                            0x080005e9   Thumb Code    28  gpio.o(.text.GPIO_Read_Pin)
    GPIO_Write_Pin                           0x08000605   Thumb Code    44  gpio.o(.text.GPIO_Write_Pin)
    PendSV_Handler                           0x08000631   Thumb Code    68  port.o(.text.PendSV_Handler)
    RCC_Enable_AFIO                          0x08000675   Thumb Code    18  rcc.o(.text.RCC_Enable_AFIO)
    RCC_Enable_PortA                         0x08000689   Thumb Code    18  rcc.o(.text.RCC_Enable_PortA)
    RCC_Enable_PortB                         0x0800069d   Thumb Code    18  rcc.o(.text.RCC_Enable_PortB)
    RCC_Enable_SPI1                          0x080006b1   Thumb Code    18  rcc.o(.text.RCC_Enable_SPI1)
    RCC_Enable_TIM2                          0x080006c5   Thumb Code    18  rcc.o(.text.RCC_Enable_TIM2)
    SPI1_Init_Master                         0x080006d9   Thumb Code   132  spi.o(.text.SPI1_Init_Master)
    SPI1_Send                                0x0800075d   Thumb Code   146  spi.o(.text.SPI1_Send)
    SVC_Handler                              0x080007f1   Thumb Code    36  port.o(.text.SVC_Handler)
    SysTick_Handler                          0x08000815   Thumb Code    60  port.o(.text.SysTick_Handler)
    TIM2_IRQHandler                          0x08000851   Thumb Code    76  tim.o(.text.TIM2_IRQHandler)
    UART1_SendChar                           0x0800089d   Thumb Code    46  uart.o(.text.UART1_SendChar)
    USART1_IRQHandler                        0x080008cd   Thumb Code    50  uart.o(.text.USART1_IRQHandler)
    checkCollision                           0x08000901   Thumb Code   272  game_logic.o(.text.checkCollision)
    clearTail                                0x08000a11   Thumb Code    32  display.o(.text.clearTail)
    delay_ms                                 0x08000a31   Thumb Code    94  tim.o(.text.delay_ms)
    drawChar                                 0x08000a91   Thumb Code   232  tft.o(.text.drawChar)
    drawFood                                 0x08000b79   Thumb Code    24  display.o(.text.drawFood)
    drawHead                                 0x08000b91   Thumb Code    34  display.o(.text.drawHead)
    drawPixel                                0x08000bb5   Thumb Code    86  tft.o(.text.drawPixel)
    drawPixelBlock                           0x08000c0d   Thumb Code   100  display.o(.text.drawPixelBlock)
    drawString                               0x08000c71   Thumb Code   120  tft.o(.text.drawString)
    fullDisplay                              0x08000ce9   Thumb Code    60  tft.o(.text.fullDisplay)
    gameOver                                 0x08000d25   Thumb Code   170  game_logic.o(.text.gameOver)
    generateFood                             0x08000dd1   Thumb Code    60  game_logic.o(.text.generateFood)
    initGame                                 0x08000e0d   Thumb Code   144  game_logic.o(.text.initGame)
    initTFT                                  0x08000e9d   Thumb Code   178  tft.o(.text.initTFT)
    main                                     0x08000f51   Thumb Code   274  main.o(.text.main)
    moveSnake                                0x08001065   Thumb Code   220  game_logic.o(.text.moveSnake)
    pvPortMalloc                             0x08001a71   Thumb Code   380  heap_4.o(.text.pvPortMalloc)
    pvTaskIncrementMutexHeldCount            0x08001bed   Thumb Code    44  tasks.o(.text.pvTaskIncrementMutexHeldCount)
    pxPortInitialiseStack                    0x08001c19   Thumb Code    80  port.o(.text.pxPortInitialiseStack)
    safeDrawPixel                            0x08001c69   Thumb Code    76  display.o(.text.safeDrawPixel)
    sendCMDList                              0x08001cb5   Thumb Code   122  tft.o(.text.sendCMDList)
    setPos                                   0x08001d31   Thumb Code    94  tft.o(.text.setPos)
    uxListRemove                             0x08001d91   Thumb Code    72  list.o(.text.uxListRemove)
    uxTaskResetEventItemValue                0x08001dd9   Thumb Code    34  tasks.o(.text.uxTaskResetEventItemValue)
    vListInitialise                          0x08001dfd   Thumb Code    46  list.o(.text.vListInitialise)
    vListInitialiseItem                      0x08001e2d   Thumb Code    14  list.o(.text.vListInitialiseItem)
    vListInsert                              0x08001e3d   Thumb Code   106  list.o(.text.vListInsert)
    vListInsertEnd                           0x08001ea9   Thumb Code    58  list.o(.text.vListInsertEnd)
    vPortEnterCritical                       0x08001ee5   Thumb Code    48  port.o(.text.vPortEnterCritical)
    vPortExitCritical                        0x08001f15   Thumb Code    38  port.o(.text.vPortExitCritical)
    vPortFree                                0x08001f3d   Thumb Code   118  heap_4.o(.text.vPortFree)
    vPortSetupTimerInterrupt                 0x08001fb5   Thumb Code    32  port.o(.text.vPortSetupTimerInterrupt)
    vTaskDelay                               0x08001fd5   Thumb Code    74  tasks.o(.text.vTaskDelay)
    vTaskInput                               0x08002021   Thumb Code   342  task_input.o(.text.vTaskInput)
    vTaskMissedYield                         0x08002179   Thumb Code    14  tasks.o(.text.vTaskMissedYield)
    vTaskPlaceOnEventList                    0x08002189   Thumb Code    38  tasks.o(.text.vTaskPlaceOnEventList)
    vTaskPlaceOnUnorderedEventList           0x080021b1   Thumb Code    50  tasks.o(.text.vTaskPlaceOnUnorderedEventList)
    vTaskPriorityInherit                     0x080021e5   Thumb Code   268  tasks.o(.text.vTaskPriorityInherit)
    vTaskSetTimeOutState                     0x080022f1   Thumb Code    36  tasks.o(.text.vTaskSetTimeOutState)
    vTaskSnake                               0x08002315   Thumb Code   290  task_snake.o(.text.vTaskSnake)
    vTaskStartScheduler                      0x08002439   Thumb Code   128  tasks.o(.text.vTaskStartScheduler)
    vTaskSuspendAll                          0x080024b9   Thumb Code    16  tasks.o(.text.vTaskSuspendAll)
    vTaskSwitchContext                       0x080024c9   Thumb Code   146  tasks.o(.text.vTaskSwitchContext)
    writeCMDTFT                              0x0800255d   Thumb Code    62  tft.o(.text.writeCMDTFT)
    writeDataTFT                             0x0800259d   Thumb Code    60  tft.o(.text.writeDataTFT)
    xEventGroupCreate                        0x080025d9   Thumb Code    42  event_groups.o(.text.xEventGroupCreate)
    xEventGroupSetBits                       0x08002605   Thumb Code   224  event_groups.o(.text.xEventGroupSetBits)
    xEventGroupWaitBits                      0x080026e5   Thumb Code   296  event_groups.o(.text.xEventGroupWaitBits)
    xPortStartScheduler                      0x0800280d   Thumb Code    60  port.o(.text.xPortStartScheduler)
    xQueueCreateMutex                        0x08002849   Thumb Code    38  queue.o(.text.xQueueCreateMutex)
    xQueueGenericCreate                      0x08002871   Thumb Code    88  queue.o(.text.xQueueGenericCreate)
    xQueueGenericReceive                     0x080028c9   Thumb Code   462  queue.o(.text.xQueueGenericReceive)
    xQueueGenericReset                       0x08002a99   Thumb Code   158  queue.o(.text.xQueueGenericReset)
    xQueueGenericSend                        0x08002b39   Thumb Code   362  queue.o(.text.xQueueGenericSend)
    xTaskCheckForTimeOut                     0x08002ca5   Thumb Code   144  tasks.o(.text.xTaskCheckForTimeOut)
    xTaskCreate                              0x08002d35   Thumb Code   152  tasks.o(.text.xTaskCreate)
    xTaskIncrementTick                       0x08002dcd   Thumb Code   402  tasks.o(.text.xTaskIncrementTick)
    xTaskPriorityDisinherit                  0x08002f61   Thumb Code   208  tasks.o(.text.xTaskPriorityDisinherit)
    xTaskRemoveFromEventList                 0x08003031   Thumb Code   166  tasks.o(.text.xTaskRemoveFromEventList)
    xTaskRemoveFromUnorderedEventList        0x080030d9   Thumb Code   138  tasks.o(.text.xTaskRemoveFromUnorderedEventList)
    xTaskResumeAll                           0x08003165   Thumb Code   340  tasks.o(.text.xTaskResumeAll)
    Font_7x10                                0x08003a24   Data           8  font.o(.rodata.Font_7x10)
    Region$$Table$$Base                      0x08003abc   Number         0  anon$$obj.o(Region$$Table)
    Region$$Table$$Limit                     0x08003adc   Number         0  anon$$obj.o(Region$$Table)
    _random_number_data                      0x20000008   Data         228  rand.o(.bss)
    __libspace_start                         0x200000ec   Data          96  libspace.o(.bss)
    __temporary_stack_top$libspace           0x2000014c   Data           0  libspace.o(.bss)
    blink_status                             0x2000014c   Data           1  tim.o(.bss.blink_status)
    food                                     0x2000014d   Data           2  game_logic.o(.bss.food)
    isGrowing                                0x20000150   Data           4  game_logic.o(.bss.isGrowing)
    pxCurrentTCB                             0x20000154   Data           4  tasks.o(.bss.pxCurrentTCB)
    snake                                    0x200001c8   Data          82  game_logic.o(.bss.snake)
    xDirectionEvent                          0x20001660   Data           4  main.o(.bss.xDirectionEvent)
    xLcdMutex                                0x2000166c   Data           4  main.o(.bss.xLcdMutex)
    xSnakeMutex                              0x20001694   Data           4  main.o(.bss.xSnakeMutex)



==============================================================================

Memory Map of the image

  Image Entry point : 0x080001c1

  Load Region LR_1 (Base: 0x08000000, Size: 0x00003ae0, Max: 0xffffffff, ABSOLUTE)

    Execution Region ER_RO (Exec base: 0x08000000, Load base: 0x08000000, Size: 0x00003adc, Max: 0xffffffff, ABSOLUTE)

    Exec Addr    Load Addr    Size         Type   Attr      Idx    E Section Name        Object

    0x08000000   0x08000000   0x000000ec   Data   RO          563    RESET               startup_stm32f10x_md.o
    0x080000ec   0x080000ec   0x00000008   Code   RO          600  * !!!main             c_w.l(__main.o)
    0x080000f4   0x080000f4   0x00000034   Code   RO          769    !!!scatter          c_w.l(__scatter.o)
    0x08000128   0x08000128   0x0000001a   Code   RO          771    !!handler_copy      c_w.l(__scatter_copy.o)
    0x08000142   0x08000142   0x00000002   PAD
    0x08000144   0x08000144   0x0000001c   Code   RO          773    !!handler_zi        c_w.l(__scatter_zi.o)
    0x08000160   0x08000160   0x00000002   Code   RO          686    .ARM.Collect$$libinit$$00000000  c_w.l(libinit.o)
    0x08000162   0x08000162   0x00000000   Code   RO          608    .ARM.Collect$$libinit$$00000002  c_w.l(libinit2.o)
    0x08000162   0x08000162   0x00000000   Code   RO          610    .ARM.Collect$$libinit$$00000004  c_w.l(libinit2.o)
    0x08000162   0x08000162   0x00000000   Code   RO          612    .ARM.Collect$$libinit$$00000006  c_w.l(libinit2.o)
    0x08000162   0x08000162   0x00000000   Code   RO          615    .ARM.Collect$$libinit$$0000000C  c_w.l(libinit2.o)
    0x08000162   0x08000162   0x00000000   Code   RO          617    .ARM.Collect$$libinit$$0000000E  c_w.l(libinit2.o)
    0x08000162   0x08000162   0x00000004   Code   RO          618    .ARM.Collect$$libinit$$0000000F  c_w.l(libinit2.o)
    0x08000166   0x08000166   0x00000000   Code   RO          619    .ARM.Collect$$libinit$$00000010  c_w.l(libinit2.o)
    0x08000166   0x08000166   0x00000000   Code   RO          622    .ARM.Collect$$libinit$$00000013  c_w.l(libinit2.o)
    0x08000166   0x08000166   0x00000000   Code   RO          624    .ARM.Collect$$libinit$$00000015  c_w.l(libinit2.o)
    0x08000166   0x08000166   0x00000000   Code   RO          626    .ARM.Collect$$libinit$$00000017  c_w.l(libinit2.o)
    0x08000166   0x08000166   0x00000000   Code   RO          628    .ARM.Collect$$libinit$$00000019  c_w.l(libinit2.o)
    0x08000166   0x08000166   0x00000000   Code   RO          630    .ARM.Collect$$libinit$$0000001B  c_w.l(libinit2.o)
    0x08000166   0x08000166   0x00000000   Code   RO          632    .ARM.Collect$$libinit$$0000001D  c_w.l(libinit2.o)
    0x08000166   0x08000166   0x00000000   Code   RO          634    .ARM.Collect$$libinit$$0000001F  c_w.l(libinit2.o)
    0x08000166   0x08000166   0x00000000   Code   RO          636    .ARM.Collect$$libinit$$00000021  c_w.l(libinit2.o)
    0x08000166   0x08000166   0x00000000   Code   RO          638    .ARM.Collect$$libinit$$00000023  c_w.l(libinit2.o)
    0x08000166   0x08000166   0x00000000   Code   RO          640    .ARM.Collect$$libinit$$00000025  c_w.l(libinit2.o)
    0x08000166   0x08000166   0x00000000   Code   RO          642    .ARM.Collect$$libinit$$00000027  c_w.l(libinit2.o)
    0x08000166   0x08000166   0x00000000   Code   RO          646    .ARM.Collect$$libinit$$0000002E  c_w.l(libinit2.o)
    0x08000166   0x08000166   0x00000000   Code   RO          648    .ARM.Collect$$libinit$$00000030  c_w.l(libinit2.o)
    0x08000166   0x08000166   0x00000000   Code   RO          650    .ARM.Collect$$libinit$$00000032  c_w.l(libinit2.o)
    0x08000166   0x08000166   0x00000000   Code   RO          652    .ARM.Collect$$libinit$$00000034  c_w.l(libinit2.o)
    0x08000166   0x08000166   0x00000002   Code   RO          653    .ARM.Collect$$libinit$$00000035  c_w.l(libinit2.o)
    0x08000168   0x08000168   0x00000002   Code   RO          728    .ARM.Collect$$libshutdown$$00000000  c_w.l(libshutdown.o)
    0x0800016a   0x0800016a   0x00000000   Code   RO          736    .ARM.Collect$$libshutdown$$00000002  c_w.l(libshutdown2.o)
    0x0800016a   0x0800016a   0x00000000   Code   RO          738    .ARM.Collect$$libshutdown$$00000004  c_w.l(libshutdown2.o)
    0x0800016a   0x0800016a   0x00000000   Code   RO          741    .ARM.Collect$$libshutdown$$00000007  c_w.l(libshutdown2.o)
    0x0800016a   0x0800016a   0x00000000   Code   RO          744    .ARM.Collect$$libshutdown$$0000000A  c_w.l(libshutdown2.o)
    0x0800016a   0x0800016a   0x00000000   Code   RO          746    .ARM.Collect$$libshutdown$$0000000C  c_w.l(libshutdown2.o)
    0x0800016a   0x0800016a   0x00000000   Code   RO          749    .ARM.Collect$$libshutdown$$0000000F  c_w.l(libshutdown2.o)
    0x0800016a   0x0800016a   0x00000002   Code   RO          750    .ARM.Collect$$libshutdown$$00000010  c_w.l(libshutdown2.o)
    0x0800016c   0x0800016c   0x00000000   Code   RO          602    .ARM.Collect$$rtentry$$00000000  c_w.l(__rtentry.o)
    0x0800016c   0x0800016c   0x00000000   Code   RO          655    .ARM.Collect$$rtentry$$00000002  c_w.l(__rtentry2.o)
    0x0800016c   0x0800016c   0x00000006   Code   RO          667    .ARM.Collect$$rtentry$$00000004  c_w.l(__rtentry4.o)
    0x08000172   0x08000172   0x00000000   Code   RO          657    .ARM.Collect$$rtentry$$00000009  c_w.l(__rtentry2.o)
    0x08000172   0x08000172   0x00000004   Code   RO          658    .ARM.Collect$$rtentry$$0000000A  c_w.l(__rtentry2.o)
    0x08000176   0x08000176   0x00000000   Code   RO          660    .ARM.Collect$$rtentry$$0000000C  c_w.l(__rtentry2.o)
    0x08000176   0x08000176   0x00000008   Code   RO          661    .ARM.Collect$$rtentry$$0000000D  c_w.l(__rtentry2.o)
    0x0800017e   0x0800017e   0x00000002   Code   RO          694    .ARM.Collect$$rtexit$$00000000  c_w.l(rtexit.o)
    0x08000180   0x08000180   0x00000000   Code   RO          706    .ARM.Collect$$rtexit$$00000002  c_w.l(rtexit2.o)
    0x08000180   0x08000180   0x00000004   Code   RO          707    .ARM.Collect$$rtexit$$00000003  c_w.l(rtexit2.o)
    0x08000184   0x08000184   0x00000006   Code   RO          708    .ARM.Collect$$rtexit$$00000004  c_w.l(rtexit2.o)
    0x0800018a   0x0800018a   0x00000002   PAD
    0x0800018c   0x0800018c   0x00000034   Code   RO          589    .emb_text           c_w.l(rand.o)
    0x080001c0   0x080001c0   0x00000038   Code   RO          564  * .text               startup_stm32f10x_md.o
    0x080001f8   0x080001f8   0x0000003c   Code   RO          590    .text               c_w.l(rand.o)
    0x08000234   0x08000234   0x0000008a   Code   RO          594    .text               c_w.l(rt_memcpy_v6.o)
    0x080002be   0x080002be   0x00000010   Code   RO          596    .text               c_w.l(aeabi_memset4.o)
    0x080002ce   0x080002ce   0x00000006   Code   RO          598    .text               c_w.l(heapauxi.o)
    0x080002d4   0x080002d4   0x00000064   Code   RO          603    .text               c_w.l(rt_memcpy_w.o)
    0x08000338   0x08000338   0x0000004e   Code   RO          605    .text               c_w.l(rt_memclr_w.o)
    0x08000386   0x08000386   0x0000004a   Code   RO          673    .text               c_w.l(sys_stackheap_outer.o)
    0x080003d0   0x080003d0   0x00000012   Code   RO          675    .text               c_w.l(exit.o)
    0x080003e2   0x080003e2   0x00000002   PAD
    0x080003e4   0x080003e4   0x00000008   Code   RO          691    .text               c_w.l(libspace.o)
    0x080003ec   0x080003ec   0x00000002   Code   RO          702    .text               c_w.l(use_no_semi.o)
    0x080003ee   0x080003ee   0x00000000   Code   RO          704    .text               c_w.l(indicate_semi.o)
    0x080003ee   0x080003ee   0x00000002   PAD
    0x080003f0   0x080003f0   0x0000000c   Code   RO          718    .text               c_w.l(sys_exit.o)
    0x080003fc   0x080003fc   0x00000018   Code   RO          142    .text.Button_Down_Pressed  button.o
    0x08000414   0x08000414   0x0000003a   Code   RO          138    .text.Button_Init   button.o
    0x0800044e   0x0800044e   0x00000002   PAD
    0x08000450   0x08000450   0x00000018   Code   RO          144    .text.Button_Left_Pressed  button.o
    0x08000468   0x08000468   0x00000018   Code   RO          146    .text.Button_Right_Pressed  button.o
    0x08000480   0x08000480   0x00000018   Code   RO          140    .text.Button_Up_Pressed  button.o
    0x08000498   0x08000498   0x00000024   Code   RO           28    .text.EXTI0_IRQHandler  exti.o
    0x080004bc   0x080004bc   0x0000012a   Code   RO           45    .text.GPIO_Config   gpio.o
    0x080005e6   0x080005e6   0x00000002   PAD
    0x080005e8   0x080005e8   0x0000001c   Code   RO           49    .text.GPIO_Read_Pin  gpio.o
    0x08000604   0x08000604   0x0000002c   Code   RO           47    .text.GPIO_Write_Pin  gpio.o
    0x08000630   0x08000630   0x00000044   Code   RO          486    .text.PendSV_Handler  port.o
    0x08000674   0x08000674   0x00000012   Code   RO           79    .text.RCC_Enable_AFIO  rcc.o
    0x08000686   0x08000686   0x00000002   PAD
    0x08000688   0x08000688   0x00000012   Code   RO           77    .text.RCC_Enable_PortA  rcc.o
    0x0800069a   0x0800069a   0x00000002   PAD
    0x0800069c   0x0800069c   0x00000012   Code   RO           81    .text.RCC_Enable_PortB  rcc.o
    0x080006ae   0x080006ae   0x00000002   PAD
    0x080006b0   0x080006b0   0x00000012   Code   RO           87    .text.RCC_Enable_SPI1  rcc.o
    0x080006c2   0x080006c2   0x00000002   PAD
    0x080006c4   0x080006c4   0x00000012   Code   RO           83    .text.RCC_Enable_TIM2  rcc.o
    0x080006d6   0x080006d6   0x00000002   PAD
    0x080006d8   0x080006d8   0x00000084   Code   RO          100    .text.SPI1_Init_Master  spi.o
    0x0800075c   0x0800075c   0x00000092   Code   RO          102    .text.SPI1_Send     spi.o
    0x080007ee   0x080007ee   0x00000002   PAD
    0x080007f0   0x080007f0   0x00000024   Code   RO          472    .text.SVC_Handler   port.o
    0x08000814   0x08000814   0x0000003c   Code   RO          488    .text.SysTick_Handler  port.o
    0x08000850   0x08000850   0x0000004c   Code   RO          111    .text.TIM2_IRQHandler  tim.o
    0x0800089c   0x0800089c   0x0000002e   Code   RO          125    .text.UART1_SendChar  uart.o
    0x080008ca   0x080008ca   0x00000002   PAD
    0x080008cc   0x080008cc   0x00000032   Code   RO          129    .text.USART1_IRQHandler  uart.o
    0x080008fe   0x080008fe   0x00000002   PAD
    0x08000900   0x08000900   0x00000110   Code   RO          531    .text.checkCollision  game_logic.o
    0x08000a10   0x08000a10   0x00000020   Code   RO          211    .text.clearTail     display.o
    0x08000a30   0x08000a30   0x0000005e   Code   RO          113    .text.delay_ms      tim.o
    0x08000a8e   0x08000a8e   0x00000002   PAD
    0x08000a90   0x08000a90   0x000000e8   Code   RO          191    .text.drawChar      tft.o
    0x08000b78   0x08000b78   0x00000018   Code   RO          207    .text.drawFood      display.o
    0x08000b90   0x08000b90   0x00000022   Code   RO          209    .text.drawHead      display.o
    0x08000bb2   0x08000bb2   0x00000002   PAD
    0x08000bb4   0x08000bb4   0x00000056   Code   RO          187    .text.drawPixel     tft.o
    0x08000c0a   0x08000c0a   0x00000002   PAD
    0x08000c0c   0x08000c0c   0x00000064   Code   RO          205    .text.drawPixelBlock  display.o
    0x08000c70   0x08000c70   0x00000078   Code   RO          193    .text.drawString    tft.o
    0x08000ce8   0x08000ce8   0x0000003c   Code   RO          185    .text.fullDisplay   tft.o
    0x08000d24   0x08000d24   0x000000aa   Code   RO          529    .text.gameOver      game_logic.o
    0x08000dce   0x08000dce   0x00000002   PAD
    0x08000dd0   0x08000dd0   0x0000003c   Code   RO          525    .text.generateFood  game_logic.o
    0x08000e0c   0x08000e0c   0x00000090   Code   RO          527    .text.initGame      game_logic.o
    0x08000e9c   0x08000e9c   0x000000b2   Code   RO          189    .text.initTFT       tft.o
    0x08000f4e   0x08000f4e   0x00000002   PAD
    0x08000f50   0x08000f50   0x00000112   Code   RO            2    .text.main          main.o
    0x08001062   0x08001062   0x00000002   PAD
    0x08001064   0x08001064   0x000000dc   Code   RO          533    .text.moveSnake     game_logic.o
    0x08001140   0x08001140   0x000000f4   Code   RO          236    .text.prvAddCurrentTaskToDelayedList  tasks.o
    0x08001234   0x08001234   0x00000116   Code   RO          224    .text.prvAddNewTaskToReadyList  tasks.o
    0x0800134a   0x0800134a   0x00000002   PAD
    0x0800134c   0x0800134c   0x0000007e   Code   RO          326    .text.prvCheckTasksWaitingTermination  tasks.o
    0x080013ca   0x080013ca   0x00000002   PAD
    0x080013cc   0x080013cc   0x00000042   Code   RO          435    .text.prvCopyDataFromQueue  queue.o
    0x0800140e   0x0800140e   0x00000002   PAD
    0x08001410   0x08001410   0x000000cc   Code   RO          425    .text.prvCopyDataToQueue  queue.o
    0x080014dc   0x080014dc   0x00000018   Code   RO          228    .text.prvDeleteTCB  tasks.o
    0x080014f4   0x080014f4   0x000000bc   Code   RO          500    .text.prvHeapInit   heap_4.o
    0x080015b0   0x080015b0   0x00000038   Code   RO          262    .text.prvIdleTask   tasks.o
    0x080015e8   0x080015e8   0x0000002c   Code   RO          413    .text.prvInitialiseMutex  queue.o
    0x08001614   0x08001614   0x00000048   Code   RO          409    .text.prvInitialiseNewQueue  queue.o
    0x0800165c   0x0800165c   0x000000f0   Code   RO          222    .text.prvInitialiseNewTask  tasks.o
    0x0800174c   0x0800174c   0x0000008e   Code   RO          324    .text.prvInitialiseTaskLists  tasks.o
    0x080017da   0x080017da   0x00000002   PAD
    0x080017dc   0x080017dc   0x000000c6   Code   RO          502    .text.prvInsertBlockIntoFreeList  heap_4.o
    0x080018a2   0x080018a2   0x00000002   PAD
    0x080018a4   0x080018a4   0x00000028   Code   RO          437    .text.prvIsQueueEmpty  queue.o
    0x080018cc   0x080018cc   0x0000002e   Code   RO          427    .text.prvIsQueueFull  queue.o
    0x080018fa   0x080018fa   0x00000002   PAD
    0x080018fc   0x080018fc   0x00000020   Code   RO          478    .text.prvPortStartFirstTask  port.o
    0x0800191c   0x0800191c   0x00000046   Code   RO          230    .text.prvResetNextTaskUnblockTime  tasks.o
    0x08001962   0x08001962   0x00000002   PAD
    0x08001964   0x08001964   0x00000018   Code   RO          470    .text.prvTaskExitError  port.o
    0x0800197c   0x0800197c   0x00000042   Code   RO          367    .text.prvTestWaitCondition  event_groups.o
    0x080019be   0x080019be   0x00000002   PAD
    0x080019c0   0x080019c0   0x000000ae   Code   RO          429    .text.prvUnlockQueue  queue.o
    0x08001a6e   0x08001a6e   0x00000002   PAD
    0x08001a70   0x08001a70   0x0000017c   Code   RO          498    .text.pvPortMalloc  heap_4.o
    0x08001bec   0x08001bec   0x0000002c   Code   RO          310    .text.pvTaskIncrementMutexHeldCount  tasks.o
    0x08001c18   0x08001c18   0x00000050   Code   RO          468    .text.pxPortInitialiseStack  port.o
    0x08001c68   0x08001c68   0x0000004c   Code   RO          203    .text.safeDrawPixel  display.o
    0x08001cb4   0x08001cb4   0x0000007a   Code   RO          181    .text.sendCMDList   tft.o
    0x08001d2e   0x08001d2e   0x00000002   PAD
    0x08001d30   0x08001d30   0x0000005e   Code   RO          183    .text.setPos        tft.o
    0x08001d8e   0x08001d8e   0x00000002   PAD
    0x08001d90   0x08001d90   0x00000048   Code   RO          396    .text.uxListRemove  list.o
    0x08001dd8   0x08001dd8   0x00000022   Code   RO          308    .text.uxTaskResetEventItemValue  tasks.o
    0x08001dfa   0x08001dfa   0x00000002   PAD
    0x08001dfc   0x08001dfc   0x0000002e   Code   RO          388    .text.vListInitialise  list.o
    0x08001e2a   0x08001e2a   0x00000002   PAD
    0x08001e2c   0x08001e2c   0x0000000e   Code   RO          390    .text.vListInitialiseItem  list.o
    0x08001e3a   0x08001e3a   0x00000002   PAD
    0x08001e3c   0x08001e3c   0x0000006a   Code   RO          394    .text.vListInsert   list.o
    0x08001ea6   0x08001ea6   0x00000002   PAD
    0x08001ea8   0x08001ea8   0x0000003a   Code   RO          392    .text.vListInsertEnd  list.o
    0x08001ee2   0x08001ee2   0x00000002   PAD
    0x08001ee4   0x08001ee4   0x00000030   Code   RO          482    .text.vPortEnterCritical  port.o
    0x08001f14   0x08001f14   0x00000026   Code   RO          484    .text.vPortExitCritical  port.o
    0x08001f3a   0x08001f3a   0x00000002   PAD
    0x08001f3c   0x08001f3c   0x00000076   Code   RO          504    .text.vPortFree     heap_4.o
    0x08001fb2   0x08001fb2   0x00000002   PAD
    0x08001fb4   0x08001fb4   0x00000020   Code   RO          476    .text.vPortSetupTimerInterrupt  port.o
    0x08001fd4   0x08001fd4   0x0000004a   Code   RO          240    .text.vTaskDelay    tasks.o
    0x0800201e   0x0800201e   0x00000002   PAD
    0x08002020   0x08002020   0x00000156   Code   RO          554    .text.vTaskInput    task_input.o
    0x08002176   0x08002176   0x00000002   PAD
    0x08002178   0x08002178   0x0000000e   Code   RO          292    .text.vTaskMissedYield  tasks.o
    0x08002186   0x08002186   0x00000002   PAD
    0x08002188   0x08002188   0x00000026   Code   RO          280    .text.vTaskPlaceOnEventList  tasks.o
    0x080021ae   0x080021ae   0x00000002   PAD
    0x080021b0   0x080021b0   0x00000032   Code   RO          282    .text.vTaskPlaceOnUnorderedEventList  tasks.o
    0x080021e2   0x080021e2   0x00000002   PAD
    0x080021e4   0x080021e4   0x0000010c   Code   RO          304    .text.vTaskPriorityInherit  tasks.o
    0x080022f0   0x080022f0   0x00000024   Code   RO          288    .text.vTaskSetTimeOutState  tasks.o
    0x08002314   0x08002314   0x00000122   Code   RO          546    .text.vTaskSnake    task_snake.o
    0x08002436   0x08002436   0x00000002   PAD
    0x08002438   0x08002438   0x00000080   Code   RO          260    .text.vTaskStartScheduler  tasks.o
    0x080024b8   0x080024b8   0x00000010   Code   RO          234    .text.vTaskSuspendAll  tasks.o
    0x080024c8   0x080024c8   0x00000092   Code   RO          252    .text.vTaskSwitchContext  tasks.o
    0x0800255a   0x0800255a   0x00000002   PAD
    0x0800255c   0x0800255c   0x0000003e   Code   RO          177    .text.writeCMDTFT   tft.o
    0x0800259a   0x0800259a   0x00000002   PAD
    0x0800259c   0x0800259c   0x0000003c   Code   RO          179    .text.writeDataTFT  tft.o
    0x080025d8   0x080025d8   0x0000002a   Code   RO          359    .text.xEventGroupCreate  event_groups.o
    0x08002602   0x08002602   0x00000002   PAD
    0x08002604   0x08002604   0x000000e0   Code   RO          363    .text.xEventGroupSetBits  event_groups.o
    0x080026e4   0x080026e4   0x00000128   Code   RO          365    .text.xEventGroupWaitBits  event_groups.o
    0x0800280c   0x0800280c   0x0000003c   Code   RO          474    .text.xPortStartScheduler  port.o
    0x08002848   0x08002848   0x00000026   Code   RO          411    .text.xQueueCreateMutex  queue.o
    0x0800286e   0x0800286e   0x00000002   PAD
    0x08002870   0x08002870   0x00000058   Code   RO          407    .text.xQueueGenericCreate  queue.o
    0x080028c8   0x080028c8   0x000001ce   Code   RO          421    .text.xQueueGenericReceive  queue.o
    0x08002a96   0x08002a96   0x00000002   PAD
    0x08002a98   0x08002a98   0x0000009e   Code   RO          405    .text.xQueueGenericReset  queue.o
    0x08002b36   0x08002b36   0x00000002   PAD
    0x08002b38   0x08002b38   0x0000016a   Code   RO          417    .text.xQueueGenericSend  queue.o
    0x08002ca2   0x08002ca2   0x00000002   PAD
    0x08002ca4   0x08002ca4   0x00000090   Code   RO          290    .text.xTaskCheckForTimeOut  tasks.o
    0x08002d34   0x08002d34   0x00000098   Code   RO          220    .text.xTaskCreate   tasks.o
    0x08002dcc   0x08002dcc   0x00000192   Code   RO          266    .text.xTaskIncrementTick  tasks.o
    0x08002f5e   0x08002f5e   0x00000002   PAD
    0x08002f60   0x08002f60   0x000000d0   Code   RO          306    .text.xTaskPriorityDisinherit  tasks.o
    0x08003030   0x08003030   0x000000a6   Code   RO          284    .text.xTaskRemoveFromEventList  tasks.o
    0x080030d6   0x080030d6   0x00000002   PAD
    0x080030d8   0x080030d8   0x0000008a   Code   RO          286    .text.xTaskRemoveFromUnorderedEventList  tasks.o
    0x08003162   0x08003162   0x00000002   PAD
    0x08003164   0x08003164   0x00000154   Code   RO          238    .text.xTaskResumeAll  tasks.o
    0x080032b8   0x080032b8   0x0000076c   Data   RO          170    .rodata.Font7x10    font.o
    0x08003a24   0x08003a24   0x00000008   Data   RO          171    .rodata.Font_7x10   font.o
    0x08003a2c   0x08003a2c   0x00000016   Data   RO            7    .rodata.str1.1      main.o
    0x08003a42   0x08003a42   0x00000005   Data   RO          342    .rodata.str1.1      tasks.o
    0x08003a47   0x08003a47   0x00000020   Data   RO          538    .rodata.str1.1      game_logic.o
    0x08003a67   0x08003a67   0x00000052   Data   RO          195    .rodata.u8InitCmdList  tft.o
    0x08003ab9   0x08003ab9   0x00000003   PAD
    0x08003abc   0x08003abc   0x00000020   Data   RO          768    Region$$Table       anon$$obj.o


    Execution Region ER_RW (Exec base: 0x20000000, Load base: 0x08003adc, Size: 0x00000004, Max: 0xffffffff, ABSOLUTE)

    Exec Addr    Load Addr    Size         Type   Attr      Idx    E Section Name        Object

    0x20000000   0x08003adc   0x00000004   Data   RW          490    .data.uxCriticalNesting  port.o


    Execution Region ER_ZI (Exec base: 0x20000008, Load base: 0x08003ae0, Size: 0x00001cc8, Max: 0xffffffff, ABSOLUTE)

    Exec Addr    Load Addr    Size         Type   Attr      Idx    E Section Name        Object

    0x20000008        -       0x000000e4   Zero   RW          591    .bss                c_w.l(rand.o)
    0x200000ec        -       0x00000060   Zero   RW          692    .bss                c_w.l(libspace.o)
    0x2000014c        -       0x00000001   Zero   RW          115    .bss.blink_status   tim.o
    0x2000014d        -       0x00000002   Zero   RW          536    .bss.food           game_logic.o
    0x2000014f   0x08003ae0   0x00000001   PAD
    0x20000150        -       0x00000004   Zero   RW          535    .bss.isGrowing      game_logic.o
    0x20000154        -       0x00000004   Zero   RW          328    .bss.pxCurrentTCB   tasks.o
    0x20000158        -       0x00000004   Zero   RW          337    .bss.pxDelayedTaskList  tasks.o
    0x2000015c        -       0x00000004   Zero   RW          512    .bss.pxEnd          heap_4.o
    0x20000160        -       0x00000004   Zero   RW          338    .bss.pxOverflowDelayedTaskList  tasks.o
    0x20000164        -       0x00000064   Zero   RW          329    .bss.pxReadyTasksLists  tasks.o
    0x200001c8        -       0x00000052   Zero   RW          537    .bss.snake          game_logic.o
    0x2000021a        -       0x00001400   Zero   RW          517    .bss.ucHeap         heap_4.o
    0x2000161a   0x08003ae0   0x00000002   PAD
    0x2000161c        -       0x00000004   Zero   RW          334    .bss.uxCurrentNumberOfTasks  tasks.o
    0x20001620        -       0x00000004   Zero   RW          333    .bss.uxDeletedTasksWaitingCleanUp  tasks.o
    0x20001624        -       0x00000004   Zero   RW          346    .bss.uxPendedTicks  tasks.o
    0x20001628        -       0x00000004   Zero   RW          340    .bss.uxSchedulerSuspended  tasks.o
    0x2000162c        -       0x00000004   Zero   RW          331    .bss.uxTaskNumber   tasks.o
    0x20001630        -       0x00000004   Zero   RW          330    .bss.uxTopReadyPriority  tasks.o
    0x20001634        -       0x00000004   Zero   RW          513    .bss.xBlockAllocatedBit  heap_4.o
    0x20001638        -       0x00000014   Zero   RW          348    .bss.xDelayedTaskList1  tasks.o
    0x2000164c        -       0x00000014   Zero   RW          349    .bss.xDelayedTaskList2  tasks.o
    0x20001660        -       0x00000004   Zero   RW            6    .bss.xDirectionEvent  main.o
    0x20001664        -       0x00000004   Zero   RW          514    .bss.xFreeBytesRemaining  heap_4.o
    0x20001668        -       0x00000004   Zero   RW          343    .bss.xIdleTaskHandle  tasks.o
    0x2000166c        -       0x00000004   Zero   RW            5    .bss.xLcdMutex      main.o
    0x20001670        -       0x00000004   Zero   RW          516    .bss.xMinimumEverFreeBytesRemaining  heap_4.o
    0x20001674        -       0x00000004   Zero   RW          344    .bss.xNextTaskUnblockTime  tasks.o
    0x20001678        -       0x00000004   Zero   RW          347    .bss.xNumOfOverflows  tasks.o
    0x2000167c        -       0x00000014   Zero   RW          341    .bss.xPendingReadyList  tasks.o
    0x20001690        -       0x00000004   Zero   RW          335    .bss.xSchedulerRunning  tasks.o
    0x20001694        -       0x00000004   Zero   RW            4    .bss.xSnakeMutex    main.o
    0x20001698        -       0x00000008   Zero   RW          515    .bss.xStart         heap_4.o
    0x200016a0        -       0x00000014   Zero   RW          339    .bss.xSuspendedTaskList  tasks.o
    0x200016b4        -       0x00000014   Zero   RW          332    .bss.xTasksWaitingTermination  tasks.o
    0x200016c8        -       0x00000004   Zero   RW          336    .bss.xTickCount     tasks.o
    0x200016cc        -       0x00000004   Zero   RW          345    .bss.xYieldPending  tasks.o
    0x200016d0        -       0x00000200   Zero   RW          562    HEAP                startup_stm32f10x_md.o
    0x200018d0        -       0x00000400   Zero   RW          561    STACK               startup_stm32f10x_md.o


==============================================================================

Image component sizes


      Code (inc. data)   RO Data    RW Data    ZI Data      Debug   Object Name

       154          0          0          0          0       4087   button.o
       266          0          0          0          0       1561   display.o
       628          0          0          0          0       5235   event_groups.o
        36          0          0          0          0       6448   exti.o
         0          0       1908          0          0        692   font.o
       866          4         32          0         88       2052   game_logic.o
       370          8          0          0          0       4418   gpio.o
       884          0          0          0       5144       3043   heap_4.o
       296          0          0          0          0       2066   list.o
       274          0         22          0         12        948   main.o
       478         12          0          4          0       2511   port.o
      1754          0          0          0          0      10162   queue.o
        90          0          0          0          0       5559   rcc.o
       278          0          0          0          0       3973   spi.o
        56         22        236          0       1536        852   startup_stm32f10x_md.o
       342          0          0          0          0       1096   task_input.o
       290          0          0          0          0       1015   task_snake.o
      3578          0          5          0        260      18905   tasks.o
      1014          0         82          0          0       5677   tft.o
       170          0          0          0          1        811   tim.o
        96          0          0          0          0       4159   uart.o

    ----------------------------------------------------------------------
     12020         46       2320          4       7044      85270   Object Totals
         0          0         32          0          0          0   (incl. Generated)
       100          0          3          0          3          0   (incl. Padding)

    ----------------------------------------------------------------------

      Code (inc. data)   RO Data    RW Data    ZI Data      Debug   Library Member Name

         8          0          0          0          0         68   __main.o
         0          0          0          0          0          0   __rtentry.o
        12          0          0          0          0          0   __rtentry2.o
         6          0          0          0          0          0   __rtentry4.o
        52          8          0          0          0          0   __scatter.o
        26          0          0          0          0          0   __scatter_copy.o
        28          0          0          0          0          0   __scatter_zi.o
        16          0          0          0          0         68   aeabi_memset4.o
        18          0          0          0          0         80   exit.o
         6          0          0          0          0        152   heapauxi.o
         0          0          0          0          0          0   indicate_semi.o
         2          0          0          0          0          0   libinit.o
         6          0          0          0          0          0   libinit2.o
         2          0          0          0          0          0   libshutdown.o
         2          0          0          0          0          0   libshutdown2.o
         8          4          0          0         96         68   libspace.o
       112         18          0          0        228        160   rand.o
        78          0          0          0          0         80   rt_memclr_w.o
       138          0          0          0          0         68   rt_memcpy_v6.o
       100          0          0          0          0         80   rt_memcpy_w.o
         2          0          0          0          0          0   rtexit.o
        10          0          0          0          0          0   rtexit2.o
        12          4          0          0          0         68   sys_exit.o
        74          0          0          0          0         80   sys_stackheap_outer.o
         2          0          0          0          0         68   use_no_semi.o

    ----------------------------------------------------------------------
       728         34          0          0        324       1040   Library Totals
         8          0          0          0          0          0   (incl. Padding)

    ----------------------------------------------------------------------

      Code (inc. data)   RO Data    RW Data    ZI Data      Debug   Library Name

       720         34          0          0        324       1040   c_w.l

    ----------------------------------------------------------------------
       728         34          0          0        324       1040   Library Totals

    ----------------------------------------------------------------------

==============================================================================


      Code (inc. data)   RO Data    RW Data    ZI Data      Debug   

     12748         80       2320          4       7368      85530   Grand Totals
     12748         80       2320          4       7368      85530   ELF Image Totals
     12748         80       2320          4          0          0   ROM Totals

==============================================================================

    Total RO  Size (Code + RO Data)                15068 (  14.71kB)
    Total RW  Size (RW Data + ZI Data)              7372 (   7.20kB)
    Total ROM Size (Code + RO Data + RW Data)      15072 (  14.72kB)

==============================================================================

